Component: ARM Compiler 5.06 update 6 (build 750) Tool: armlink [4d35ed]

==============================================================================

Section Cross References

    main.o(i.I2C1_Init) refers to stm32f1xx_hal_i2c.o(i.HAL_I2C_Init) for HAL_I2C_Init
    main.o(i.I2C1_Init) refers to main.o(i.Error_Handler) for Error_Handler
    main.o(i.I2C1_Init) refers to main.o(.bss) for hi2c1
    main.o(i.I2C2_Init) refers to stm32f1xx_hal_i2c.o(i.HAL_I2C_Init) for HAL_I2C_Init
    main.o(i.I2C2_Init) refers to main.o(i.Error_Handler) for Error_Handler
    main.o(i.I2C2_Init) refers to main.o(.bss) for hi2c2
    main.o(i.MPU6050_Init) refers to stm32f1xx_hal_i2c.o(i.HAL_I2C_Mem_Read) for HAL_I2C_Mem_Read
    main.o(i.MPU6050_Init) refers to stm32f1xx_hal_i2c.o(i.HAL_I2C_Mem_Write) for HAL_I2C_Mem_Write
    main.o(i.MPU6050_Init) refers to main.o(.bss) for hi2c1
    main.o(i.MPU6050_Read_Accel) refers to stm32f1xx_hal_i2c.o(i.HAL_I2C_Mem_Read) for HAL_I2C_Mem_Read
    main.o(i.MPU6050_Read_Accel) refers to dflt_clz.o(x$fpl$dflt) for __aeabi_i2d
    main.o(i.MPU6050_Read_Accel) refers to ddiv.o(x$fpl$ddiv) for __aeabi_ddiv
    main.o(i.MPU6050_Read_Accel) refers to d2f.o(x$fpl$d2f) for __aeabi_d2f
    main.o(i.MPU6050_Read_Accel) refers to main.o(.bss) for hi2c1
    main.o(i.MPU6050_Read_Accel) refers to main.o(.data) for Accel_X_RAW
    main.o(i.MPU6050_Read_Gyro) refers to stm32f1xx_hal_i2c.o(i.HAL_I2C_Mem_Read) for HAL_I2C_Mem_Read
    main.o(i.MPU6050_Read_Gyro) refers to dflt_clz.o(x$fpl$dflt) for __aeabi_i2d
    main.o(i.MPU6050_Read_Gyro) refers to ddiv.o(x$fpl$ddiv) for __aeabi_ddiv
    main.o(i.MPU6050_Read_Gyro) refers to d2f.o(x$fpl$d2f) for __aeabi_d2f
    main.o(i.MPU6050_Read_Gyro) refers to main.o(.bss) for hi2c1
    main.o(i.MPU6050_Read_Gyro) refers to main.o(.data) for Gyro_X_RAW
    main.o(i.SystemClock_Config) refers to rt_memclr_w.o(.text) for __aeabi_memclr4
    main.o(i.SystemClock_Config) refers to stm32f1xx_hal_rcc.o(i.HAL_RCC_OscConfig) for HAL_RCC_OscConfig
    main.o(i.SystemClock_Config) refers to main.o(i.Error_Handler) for Error_Handler
    main.o(i.SystemClock_Config) refers to stm32f1xx_hal_rcc.o(i.HAL_RCC_ClockConfig) for HAL_RCC_ClockConfig
    main.o(i.detectStep) refers to fmul.o(x$fpl$fmul) for __aeabi_fmul
    main.o(i.detectStep) refers to faddsub_clz.o(x$fpl$fadd) for __aeabi_fadd
    main.o(i.detectStep) refers to f2d.o(x$fpl$f2d) for __aeabi_f2d
    main.o(i.detectStep) refers to sqrt.o(i.sqrt) for sqrt
    main.o(i.detectStep) refers to d2f.o(x$fpl$d2f) for __aeabi_d2f
    main.o(i.detectStep) refers to frleqf.o(x$fpl$frleqf) for __aeabi_cfrcmple
    main.o(i.detectStep) refers to drleqf.o(x$fpl$drleqf) for __aeabi_cdrcmple
    main.o(i.detectStep) refers to main.o(.data) for window_index
    main.o(i.detectStep) refers to main.o(.bss) for acc_window
    main.o(i.lcd_clear) refers to main.o(i.lcd_send_cmd) for lcd_send_cmd
    main.o(i.lcd_clear) refers to main.o(i.lcd_send_data) for lcd_send_data
    main.o(i.lcd_init) refers to stm32f1xx_hal.o(i.HAL_Delay) for HAL_Delay
    main.o(i.lcd_init) refers to main.o(i.lcd_send_cmd) for lcd_send_cmd
    main.o(i.lcd_put_cur) refers to main.o(i.lcd_send_cmd) for lcd_send_cmd
    main.o(i.lcd_send_cmd) refers to stm32f1xx_hal_i2c.o(i.HAL_I2C_Master_Transmit) for HAL_I2C_Master_Transmit
    main.o(i.lcd_send_cmd) refers to main.o(.bss) for hi2c1
    main.o(i.lcd_send_data) refers to stm32f1xx_hal_i2c.o(i.HAL_I2C_Master_Transmit) for HAL_I2C_Master_Transmit
    main.o(i.lcd_send_data) refers to main.o(.bss) for hi2c1
    main.o(i.lcd_send_string) refers to main.o(i.lcd_send_data) for lcd_send_data
    main.o(i.main) refers to _printf_percent.o(.ARM.Collect$$_printf_percent$$00000000) for _printf_percent
    main.o(i.main) refers to _printf_d.o(.ARM.Collect$$_printf_percent$$00000009) for _printf_d
    main.o(i.main) refers to _printf_dec.o(.text) for _printf_int_dec
    main.o(i.main) refers to _printf_f.o(.ARM.Collect$$_printf_percent$$00000003) for _printf_f
    main.o(i.main) refers to printf1.o(x$fpl$printf1) for _printf_fp_dec
    main.o(i.main) refers to stm32f1xx_hal.o(i.HAL_Init) for HAL_Init
    main.o(i.main) refers to main.o(i.SystemClock_Config) for SystemClock_Config
    main.o(i.main) refers to main.o(i.GPIO_Init) for GPIO_Init
    main.o(i.main) refers to main.o(i.I2C1_Init) for I2C1_Init
    main.o(i.main) refers to main.o(i.I2C2_Init) for I2C2_Init
    main.o(i.main) refers to main.o(i.lcd_init) for lcd_init
    main.o(i.main) refers to main.o(i.MPU6050_Init) for MPU6050_Init
    main.o(i.main) refers to main.o(i.lcd_send_string) for lcd_send_string
    main.o(i.main) refers to stm32f1xx_hal.o(i.HAL_Delay) for HAL_Delay
    main.o(i.main) refers to main.o(i.lcd_clear) for lcd_clear
    main.o(i.main) refers to stm32f1xx_hal_gpio.o(i.HAL_GPIO_Init) for HAL_GPIO_Init
    main.o(i.main) refers to stm32f1xx_hal_cortex.o(i.HAL_NVIC_SetPriority) for HAL_NVIC_SetPriority
[...]
    ../clib/libinit.s                        0x00000000   Number         0  libinit2.o ABSOLUTE
    ../clib/libinit.s                        0x00000000   Number         0  libshutdown2.o ABSOLUTE
    ../clib/libinit.s                        0x00000000   Number         0  libinit.o ABSOLUTE
    ../clib/locale.s                         0x00000000   Number         0  lc_numeric_c.o ABSOLUTE
    ../clib/longlong.s                       0x00000000   Number         0  lludiv10.o ABSOLUTE
    ../clib/longlong.s                       0x00000000   Number         0  llushr.o ABSOLUTE
    ../clib/memcpset.s                       0x00000000   Number         0  rt_memclr_w.o ABSOLUTE
    ../clib/memcpset.s                       0x00000000   Number         0  strcmpv7m.o ABSOLUTE
    ../clib/misc.s                           0x00000000   Number         0  printf_stubs.o ABSOLUTE
    ../clib/printf.c                         0x00000000   Number         0  _printf_fp_dec.o ABSOLUTE
    ../clib/printf.c                         0x00000000   Number         0  _sputc.o ABSOLUTE
    ../clib/printf.c                         0x00000000   Number         0  _printf_intcommon.o ABSOLUTE
    ../clib/printf.c                         0x00000000   Number         0  _printf_fp_infnan.o ABSOLUTE
    ../clib/printf.c                         0x00000000   Number         0  __printf_flags_ss_wp.o ABSOLUTE
    ../clib/printf.c                         0x00000000   Number         0  __printf_ss_wp.o ABSOLUTE
    ../clib/printf.c                         0x00000000   Number         0  __printf_flags_wp.o ABSOLUTE
    ../clib/printf.c                         0x00000000   Number         0  __printf_wp.o ABSOLUTE
    ../clib/printf.c                         0x00000000   Number         0  __printf_flags_ss.o ABSOLUTE
    ../clib/printf.c                         0x00000000   Number         0  __printf_ss.o ABSOLUTE
    ../clib/printf.c                         0x00000000   Number         0  __printf_flags.o ABSOLUTE
    ../clib/printf.c                         0x00000000   Number         0  _printf_dec.o ABSOLUTE
    ../clib/printf.c                         0x00000000   Number         0  __printf.o ABSOLUTE
    ../clib/printf.c                         0x00000000   Number         0  noretval__2sprintf.o ABSOLUTE
    ../clib/printf.c                         0x00000000   Number         0  __2sprintf.o ABSOLUTE
    ../clib/printf.c                         0x00000000   Number         0  _printf_char_common.o ABSOLUTE
    ../clib/printf.c                         0x00000000   Number         0  __printf_nopercent.o ABSOLUTE
    ../clib/printf_percent.s                 0x00000000   Number         0  _printf_percent.o ABSOLUTE
    ../clib/printf_percent.s                 0x00000000   Number         0  _printf_f.o ABSOLUTE
    ../clib/printf_percent.s                 0x00000000   Number         0  _printf_percent_end.o ABSOLUTE
    ../clib/printf_percent.s                 0x00000000   Number         0  _printf_d.o ABSOLUTE
    ../clib/signal.c                         0x00000000   Number         0  defsig_rtmem_inner.o ABSOLUTE
    ../clib/signal.c                         0x00000000   Number         0  defsig_exit.o ABSOLUTE
    ../clib/signal.c                         0x00000000   Number         0  defsig_rtmem_outer.o ABSOLUTE
    ../clib/signal.c                         0x00000000   Number         0  defsig_rtmem_formal.o ABSOLUTE
    ../clib/signal.c                         0x00000000   Number         0  __raise.o ABSOLUTE
    ../clib/signal.c                         0x00000000   Number         0  defsig_general.o ABSOLUTE
    ../clib/signal.c                         0x00000000   Number         0  defsig_abrt_inner.o ABSOLUTE
    ../clib/signal.c                         0x00000000   Number         0  defsig_fpe_inner.o ABSOLUTE
    ../clib/signal.c                         0x00000000   Number         0  defsig_rtred_inner.o ABSOLUTE
    ../clib/signal.c                         0x00000000   Number         0  defsig_stak_inner.o ABSOLUTE
    ../clib/signal.c                         0x00000000   Number         0  defsig_pvfn_inner.o ABSOLUTE
    ../clib/signal.c                         0x00000000   Number         0  defsig_cppl_inner.o ABSOLUTE
    ../clib/signal.c                         0x00000000   Number         0  defsig_segv_inner.o ABSOLUTE
    ../clib/signal.c                         0x00000000   Number         0  defsig_other.o ABSOLUTE
    ../clib/signal.s                         0x00000000   Number         0  defsig.o ABSOLUTE
    ../clib/stdlib.c                         0x00000000   Number         0  exit.o ABSOLUTE
    ../fplib/d2f.s                           0x00000000   Number         0  d2f.o ABSOLUTE
    ../fplib/dcmpi.s                         0x00000000   Number         0  dcmpi.o ABSOLUTE
    ../fplib/ddiv.s                          0x00000000   Number         0  ddiv.o ABSOLUTE
    ../fplib/dflt.s                          0x00000000   Number         0  dflt_clz.o ABSOLUTE
    ../fplib/dleqf.s                         0x00000000   Number         0  dleqf.o ABSOLUTE
    ../fplib/dnaninf.s                       0x00000000   Number         0  dnaninf.o ABSOLUTE
    ../fplib/dretinf.s                       0x00000000   Number         0  dretinf.o ABSOLUTE
    ../fplib/drleqf.s                        0x00000000   Number         0  drleqf.o ABSOLUTE
    ../fplib/dsqrt.s                         0x00000000   Number         0  dsqrt_noumaal.o ABSOLUTE
    ../fplib/f2d.s                           0x00000000   Number         0  f2d.o ABSOLUTE
    ../fplib/faddsub.s                       0x00000000   Number         0  faddsub_clz.o ABSOLUTE
    ../fplib/fcmpi.s                         0x00000000   Number         0  fcmpi.o ABSOLUTE
    ../fplib/ffixu.s                         0x00000000   Number         0  ffixu.o ABSOLUTE
    ../fplib/fleqf.s                         0x00000000   Number         0  fleqf.o ABSOLUTE
    ../fplib/fmul.s                          0x00000000   Number         0  fmul.o ABSOLUTE
    ../fplib/fnaninf.s                       0x00000000   Number         0  fnaninf.o ABSOLUTE
    ../fplib/fpinit.s                        0x00000000   Number         0  fpinit.o ABSOLUTE
    ../fplib/fretinf.s                       0x00000000   Number         0  fretinf.o ABSOLUTE
    ../fplib/frleqf.s                        0x00000000   Number         0  frleqf.o ABSOLUTE
    ../fplib/istatus.s                       0x00000000   Number         0  istatus.o ABSOLUTE
    ../fplib/printf1.s                       0x00000000   Number         0  printf1.o ABSOLUTE
    ../fplib/usenofp.s                       0x00000000   Number         0  usenofp.o ABSOLUTE
    ../mathlib/fpclassify.c                  0x00000000   Number         0  fpclassify.o ABSOLUTE
    ../mathlib/sqrt.c                        0x00000000   Number         0  sqrt_x.o ABSOLUTE
    ../mathlib/sqrt.c                        0x00000000   Number         0  sqrt.o ABSOLUTE
    Core\Src\stm32f1xx_hal_msp.c             0x00000000   Number         0  stm32f1xx_hal_msp.o ABSOLUTE
    Core\Src\stm32f1xx_it.c                  0x00000000   Number         0  stm32f1xx_it.o ABSOLUTE
    Core\Src\system_stm32f1xx.c              0x00000000   Number         0  system_stm32f1xx.o ABSOLUTE
    Core\Startup\startup_stm32f103c8tx.s     0x00000000   Number         0  startup_stm32f103c8tx.o ABSOLUTE
    Core\\Src\\stm32f1xx_hal_msp.c           0x00000000   Number         0  stm32f1xx_hal_msp.o ABSOLUTE
    Core\\Src\\stm32f1xx_it.c                0x00000000   Number         0  stm32f1xx_it.o ABSOLUTE
    Core\\Src\\system_stm32f1xx.c            0x00000000   Number         0  system_stm32f1xx.o ABSOLUTE
    Drivers\STM32F1xx_HAL_Driver\Src\stm32f1xx_hal.c 0x00000000   Number         0  stm32f1xx_hal.o ABSOLUTE
    Drivers\STM32F1xx_HAL_Driver\Src\stm32f1xx_hal_cortex.c 0x00000000   Number         0  stm32f1xx_hal_cortex.o ABSOLUTE
    Drivers\STM32F1xx_HAL_Driver\Src\stm32f1xx_hal_dma.c 0x00000000   Number         0  stm32f1xx_hal_dma.o ABSOLUTE
    Drivers\STM32F1xx_HAL_Driver\Src\stm32f1xx_hal_exti.c 0x00000000   Number         0  stm32f1xx_hal_exti.o ABSOLUTE
    Drivers\STM32F1xx_HAL_Driver\Src\stm32f1xx_hal_flash.c 0x00000000   Number         0  stm32f1xx_hal_flash.o ABSOLUTE
    Drivers\STM32F1xx_HAL_Driver\Src\stm32f1xx_hal_flash_ex.c 0x00000000   Number         0  stm32f1xx_hal_flash_ex.o ABSOLUTE
    Drivers\STM32F1xx_HAL_Driver\Src\stm32f1xx_hal_gpio.c 0x00000000   Number         0  stm32f1xx_hal_gpio.o ABSOLUTE
    Drivers\STM32F1xx_HAL_Driver\Src\stm32f1xx_hal_gpio_ex.c 0x00000000   Number         0  stm32f1xx_hal_gpio_ex.o ABSOLUTE
    Drivers\STM32F1xx_HAL_Driver\Src\stm32f1xx_hal_i2c.c 0x00000000   Number         0  stm32f1xx_hal_i2c.o ABSOLUTE
    Drivers\STM32F1xx_HAL_Driver\Src\stm32f1xx_hal_pwr.c 0x00000000   Number         0  stm32f1xx_hal_pwr.o ABSOLUTE
    Drivers\STM32F1xx_HAL_Driver\Src\stm32f1xx_hal_rcc.c 0x00000000   Number         0  stm32f1xx_hal_rcc.o ABSOLUTE
    Drivers\STM32F1xx_HAL_Driver\Src\stm32f1xx_hal_rcc_ex.c 0x00000000   Number         0  stm32f1xx_hal_rcc_ex.o ABSOLUTE
    Drivers\STM32F1xx_HAL_Driver\Src\stm32f1xx_hal_tim.c 0x00000000   Number         0  stm32f1xx_hal_tim.o ABSOLUTE
    Drivers\STM32F1xx_HAL_Driver\Src\stm32f1xx_hal_tim_ex.c 0x00000000   Number         0  stm32f1xx_hal_tim_ex.o ABSOLUTE
    Drivers\\STM32F1xx_HAL_Driver\\Src\\stm32f1xx_hal.c 0x00000000   Number         0  stm32f1xx_hal.o ABSOLUTE
    Drivers\\STM32F1xx_HAL_Driver\\Src\\stm32f1xx_hal_cortex.c 0x00000000   Number         0  stm32f1xx_hal_cortex.o ABSOLUTE
    Drivers\\STM32F1xx_HAL_Driver\\Src\\stm32f1xx_hal_dma.c 0x00000000   Number         0  stm32f1xx_hal_dma.o ABSOLUTE
    Drivers\\STM32F1xx_HAL_Driver\\Src\\stm32f1xx_hal_exti.c 0x00000000   Number         0  stm32f1xx_hal_exti.o ABSOLUTE
    Drivers\\STM32F1xx_HAL_Driver\\Src\\stm32f1xx_hal_flash.c 0x00000000   Number         0  stm32f1xx_hal_flash.o ABSOLUTE
    Drivers\\STM32F1xx_HAL_Driver\\Src\\stm32f1xx_hal_flash_ex.c 0x00000000   Number         0  stm32f1xx_hal_flash_ex.o ABSOLUTE
    Drivers\\STM32F1xx_HAL_Driver\\Src\\stm32f1xx_hal_gpio.c 0x00000000   Number         0  stm32f1xx_hal_gpio.o ABSOLUTE
    Drivers\\STM32F1xx_HAL_Driver\\Src\\stm32f1xx_hal_gpio_ex.c 0x00000000   Number         0  stm32f1xx_hal_gpio_ex.o ABSOLUTE
    Drivers\\STM32F1xx_HAL_Driver\\Src\\stm32f1xx_hal_i2c.c 0x00000000   Number         0  stm32f1xx_hal_i2c.o ABSOLUTE
    Drivers\\STM32F1xx_HAL_Driver\\Src\\stm32f1xx_hal_pwr.c 0x00000000   Number         0  stm32f1xx_hal_pwr.o ABSOLUTE
    Drivers\\STM32F1xx_HAL_Driver\\Src\\stm32f1xx_hal_rcc.c 0x00000000   Number         0  stm32f1xx_hal_rcc.o ABSOLUTE
    Drivers\\STM32F1xx_HAL_Driver\\Src\\stm32f1xx_hal_rcc_ex.c 0x00000000   Number         0  stm32f1xx_hal_rcc_ex.o ABSOLUTE
    Drivers\\STM32F1xx_HAL_Driver\\Src\\stm32f1xx_hal_tim.c 0x00000000   Number         0  stm32f1xx_hal_tim.o ABSOLUTE
    Drivers\\STM32F1xx_HAL_Driver\\Src\\stm32f1xx_hal_tim_ex.c 0x00000000   Number         0  stm32f1xx_hal_tim_ex.o ABSOLUTE
    dc.s                                     0x00000000   Number         0  dc.o ABSOLUTE
    main.c                                   0x00000000   Number         0  main.o ABSOLUTE
    main.c                                   0x00000000   Number         0  main.o ABSOLUTE
    RESET                                    0x08000000   Section      236  startup_stm32f103c8tx.o(RESET)
    !!!main                                  0x080000ec   Section        8  __main.o(!!!main)
    !!!scatter                               0x080000f4   Section       52  __scatter.o(!!!scatter)
    !!handler_copy                           0x08000128   Section       26  __scatter_copy.o(!!handler_copy)
    !!handler_zi                             0x08000144   Section       28  __scatter_zi.o(!!handler_zi)
    .ARM.Collect$$_printf_percent$$00000000  0x08000160   Section        0  _printf_percent.o(.ARM.Collect$$_printf_percent$$00000000)
    .ARM.Collect$$_printf_percent$$00000003  0x08000160   Section        6  _printf_f.o(.ARM.Collect$$_printf_percent$$00000003)
    .ARM.Collect$$_printf_percent$$00000009  0x08000166   Section        6  _printf_d.o(.ARM.Collect$$_printf_percent$$00000009)
    .ARM.Collect$$_printf_percent$$00000017  0x0800016c   Section        4  _printf_percent_end.o(.ARM.Collect$$_printf_percent$$00000017)
    .ARM.Collect$$libinit$$00000000          0x08000170   Section        2  libinit.o(.ARM.Collect$$libinit$$00000000)
    .ARM.Collect$$libinit$$00000002          0x08000172   Section        0  libinit2.o(.ARM.Collect$$libinit$$00000002)
    .ARM.Collect$$libinit$$00000004          0x08000172   Section        0  libinit2.o(.ARM.Collect$$libinit$$00000004)
    .ARM.Collect$$libinit$$0000000A          0x08000172   Section        0  libinit2.o(.ARM.Collect$$libinit$$0000000A)
    .ARM.Collect$$libinit$$0000000C          0x08000172   Section        0  libinit2.o(.ARM.Collect$$libinit$$0000000C)
    .ARM.Collect$$libinit$$0000000E          0x08000172   Section        0  libinit2.o(.ARM.Collect$$libinit$$0000000E)
    .ARM.Collect$$libinit$$0000000F          0x08000172   Section        6  libinit2.o(.ARM.Collect$$libinit$$0000000F)
    .ARM.Collect$$libinit$$00000011          0x08000178   Section        0  libinit2.o(.ARM.Collect$$libinit$$00000011)
    .ARM.Collect$$libinit$$00000013          0x08000178   Section        0  libinit2.o(.ARM.Collect$$libinit$$00000013)
    .ARM.Collect$$libinit$$00000015          0x08000178   Section        0  libinit2.o(.ARM.Collect$$libinit$$00000015)
    .ARM.Collect$$libinit$$00000016          0x08000178   Section       10  libinit2.o(.ARM.Collect$$libinit$$00000016)
    .ARM.Collect$$libinit$$00000017          0x08000182   Section        0  libinit2.o(.ARM.Collect$$libinit$$00000017)
    .ARM.Collect$$libinit$$00000019          0x08000182   Section        0  libinit2.o(.ARM.Collect$$libinit$$00000019)
    .ARM.Collect$$libinit$$0000001B          0x08000182   Section        0  libinit2.o(.ARM.Collect$$libinit$$0000001B)
    .ARM.Collect$$libinit$$0000001D          0x08000182   Section        0  libinit2.o(.ARM.Collect$$libinit$$0000001D)
    .ARM.Collect$$libinit$$0000001F          0x08000182   Section        0  libinit2.o(.ARM.Collect$$libinit$$0000001F)
    .ARM.Collect$$libinit$$00000021          0x08000182   Section        0  libinit2.o(.ARM.Collect$$libinit$$00000021)
    .ARM.Collect$$libinit$$00000023          0x08000182   Section        0  libinit2.o(.ARM.Collect$$libinit$$00000023)
    .ARM.Collect$$libinit$$00000025          0x08000182   Section        0  libinit2.o(.ARM.Collect$$libinit$$00000025)
    .ARM.Collect$$libinit$$0000002C          0x08000182   Section        0  libinit2.o(.ARM.Collect$$libinit$$0000002C)
    .ARM.Collect$$libinit$$0000002E          0x08000182   Section        0  libinit2.o(.ARM.Collect$$libinit$$0000002E)
    .ARM.Collect$$libinit$$00000030          0x08000182   Section        0  libinit2.o(.ARM.Collect$$libinit$$00000030)
    .ARM.Collect$$libinit$$00000032          0x08000182   Section        0  libinit2.o(.ARM.Collect$$libinit$$00000032)
    .ARM.Collect$$libinit$$00000033          0x08000182   Section        2  libinit2.o(.ARM.Collect$$libinit$$00000033)
    .ARM.Collect$$libshutdown$$00000000      0x08000184   Section        2  libshutdown.o(.ARM.Collect$$libshutdown$$00000000)
    .ARM.Collect$$libshutdown$$00000002      0x08000186   Section        0  libshutdown2.o(.ARM.Collect$$libshutdown$$00000002)
    .ARM.Collect$$libshutdown$$00000004      0x08000186   Section        0  libshutdown2.o(.ARM.Collect$$libshutdown$$00000004)
    .ARM.Collect$$libshutdown$$00000007      0x08000186   Section        0  libshutdown2.o(.ARM.Collect$$libshutdown$$00000007)
    .ARM.Collect$$libshutdown$$0000000A      0x08000186   Section        0  libshutdown2.o(.ARM.Collect$$libshutdown$$0000000A)
    .ARM.Collect$$libshutdown$$0000000C      0x08000186   Section        0  libshutdown2.o(.ARM.Collect$$libshutdown$$0000000C)
    .ARM.Collect$$libshutdown$$0000000F      0x08000186   Section        0  libshutdown2.o(.ARM.Collect$$libshutdown$$0000000F)
    .ARM.Collect$$libshutdown$$00000010      0x08000186   Section        2  libshutdown2.o(.ARM.Collect$$libshutdown$$00000010)
    .ARM.Collect$$rtentry$$00000000          0x08000188   Section        0  __rtentry.o(.ARM.Collect$$rtentry$$00000000)
    .ARM.Collect$$rtentry$$00000002          0x08000188   Section        0  __rtentry2.o(.ARM.Collect$$rtentry$$00000002)
    .ARM.Collect$$rtentry$$00000004          0x08000188   Section        6  __rtentry4.o(.ARM.Collect$$rtentry$$00000004)
    .ARM.Collect$$rtentry$$00000009          0x0800018e   Section        0  __rtentry2.o(.ARM.Collect$$rtentry$$00000009)
    .ARM.Collect$$rtentry$$0000000A          0x0800018e   Section        4  __rtentry2.o(.ARM.Collect$$rtentry$$0000000A)
    .ARM.Collect$$rtentry$$0000000C          0x08000192   Section        0  __rtentry2.o(.ARM.Collect$$rtentry$$0000000C)
    .ARM.Collect$$rtentry$$0000000D          0x08000192   Section        8  __rtentry2.o(.ARM.Collect$$rtentry$$0000000D)
    .ARM.Collect$$rtexit$$00000000           0x0800019a   Section        2  rtexit.o(.ARM.Collect$$rtexit$$00000000)
    .ARM.Collect$$rtexit$$00000002           0x0800019c   Section        0  rtexit2.o(.ARM.Collect$$rtexit$$00000002)
    .ARM.Collect$$rtexit$$00000003           0x0800019c   Section        4  rtexit2.o(.ARM.Collect$$rtexit$$00000003)
    .ARM.Collect$$rtexit$$00000004           0x080001a0   Section        6  rtexit2.o(.ARM.Collect$$rtexit$$00000004)
    .text                                    0x080001a8   Section       64  startup_stm32f103c8tx.o(.text)
    .text                                    0x080001e8   Section        0  noretval__2sprintf.o(.text)
    .text                                    0x08000210   Section        0  _printf_dec.o(.text)
    .text                                    0x08000288   Section        0  __printf_wp.o(.text)
    .text                                    0x08000396   Section       78  rt_memclr_w.o(.text)
    .text                                    0x080003e4   Section        0  heapauxi.o(.text)
    .text                                    0x080003ea   Section        0  _rserrno.o(.text)
    .text                                    0x08000400   Section        0  _printf_intcommon.o(.text)
    .text                                    0x080004b2   Section        0  _printf_fp_dec.o(.text)
    _fp_digits                               0x080004b5   Thumb Code   432  _printf_fp_dec.o(.text)
    .text                                    0x080008d0   Section        0  _printf_char_common.o(.text)
    _printf_input_char                       0x080008d1   Thumb Code    10  _printf_char_common.o(.text)
    .text                                    0x08000900   Section        0  _sputc.o(.text)
    .text                                    0x0800090c   Section        8  rt_locale_intlibspace.o(.text)
    .text                                    0x08000914   Section        8  rt_errno_addr_intlibspace.o(.text)
    .text                                    0x0800091c   Section      138  lludiv10.o(.text)
    .text                                    0x080009a8   Section        0  _printf_fp_infnan.o(.text)
    .text                                    0x08000a28   Section        0  bigflt0.o(.text)
    .text                                    0x08000b0c   Section        8  libspace.o(.text)
    .text                                    0x08000b14   Section       74  sys_stackheap_outer.o(.text)
    .text                                    0x08000b5e   Section        0  exit.o(.text)
    .text                                    0x08000b70   Section      128  strcmpv7m.o(.text)
    .text                                    0x08000bf0   Section        0  sys_exit.o(.text)
    .text                                    0x08000bfc   Section        2  use_no_semi.o(.text)
    .text                                    0x08000bfe   Section        0  indicate_semi.o(.text)
    CL$$btod_d2e                             0x08000bfe   Section       62  btod.o(CL$$btod_d2e)
    CL$$btod_d2e_denorm_low                  0x08000c3c   Section       70  btod.o(CL$$btod_d2e_denorm_low)
    CL$$btod_d2e_norm_op1                    0x08000c82   Section       96  btod.o(CL$$btod_d2e_norm_op1)
    CL$$btod_div_common                      0x08000ce2   Section      824  btod.o(CL$$btod_div_common)
    CL$$btod_e2e                             0x0800101a   Section      220  btod.o(CL$$btod_e2e)
    CL$$btod_ediv                            0x080010f6   Section       42  btod.o(CL$$btod_ediv)
    CL$$btod_emul                            0x08001120   Section       42  btod.o(CL$$btod_emul)
    CL$$btod_mult_common                     0x0800114a   Section      580  btod.o(CL$$btod_mult_common)
    i.BusFault_Handler                       0x0800138e   Section        0  stm32f1xx_it.o(i.BusFault_Handler)
    i.DebugMon_Handler                       0x08001392   Section        0  stm32f1xx_it.o(i.DebugMon_Handler)
    i.Error_Handler                          0x08001394   Section        0  main.o(i.Error_Handler)
    i.GPIO_Init                              0x08001398   Section        0  main.o(i.GPIO_Init)
    GPIO_Init                                0x08001399   Thumb Code    84  main.o(i.GPIO_Init)
    i.HAL_Delay                              0x080013f0   Section        0  stm32f1xx_hal.o(i.HAL_Delay)
    i.HAL_GPIO_Init                          0x08001418   Section        0  stm32f1xx_hal_gpio.o(i.HAL_GPIO_Init)
    i.HAL_GPIO_ReadPin                       0x08001738   Section        0  stm32f1xx_hal_gpio.o(i.HAL_GPIO_ReadPin)
    i.HAL_GPIO_TogglePin                     0x08001748   Section        0  stm32f1xx_hal_gpio.o(i.HAL_GPIO_TogglePin)
    i.HAL_GPIO_WritePin                      0x08001756   Section        0  stm32f1xx_hal_gpio.o(i.HAL_GPIO_WritePin)
    i.HAL_GetTick                            0x08001764   Section        0  stm32f1xx_hal.o(i.HAL_GetTick)
    i.HAL_I2C_Init                           0x08001770   Section        0  stm32f1xx_hal_i2c.o(i.HAL_I2C_Init)
    i.HAL_I2C_Master_Transmit                0x08001928   Section        0  stm32f1xx_hal_i2c.o(i.HAL_I2C_Master_Transmit)
    i.HAL_I2C_Mem_Read                       0x08001a98   Section        0  stm32f1xx_hal_i2c.o(i.HAL_I2C_Mem_Read)
    i.HAL_I2C_Mem_Write                      0x08001da8   Section        0  stm32f1xx_hal_i2c.o(i.HAL_I2C_Mem_Write)
    i.HAL_I2C_MspInit                        0x08001f0c   Section        0  stm32f1xx_hal_msp.o(i.HAL_I2C_MspInit)
    i.HAL_IncTick                            0x08001f80   Section        0  stm32f1xx_hal.o(i.HAL_IncTick)
    i.HAL_Init                               0x08001f98   Section        0  stm32f1xx_hal.o(i.HAL_Init)
    i.HAL_InitTick                           0x08001fb0   Section        0  stm32f1xx_hal.o(i.HAL_InitTick)
    i.HAL_MspInit                            0x08001ffc   Section        0  stm32f1xx_hal_msp.o(i.HAL_MspInit)
    i.HAL_NVIC_EnableIRQ                     0x08002050   Section        0  stm32f1xx_hal_cortex.o(i.HAL_NVIC_EnableIRQ)
    i.HAL_NVIC_SetPriority                   0x08002070   Section        0  stm32f1xx_hal_cortex.o(i.HAL_NVIC_SetPriority)
    i.HAL_NVIC_SetPriorityGrouping           0x080020ec   Section        0  stm32f1xx_hal_cortex.o(i.HAL_NVIC_SetPriorityGrouping)
    i.HAL_RCC_ClockConfig                    0x08002114   Section        0  stm32f1xx_hal_rcc.o(i.HAL_RCC_ClockConfig)
    i.HAL_RCC_GetHCLKFreq                    0x080022a0   Section        0  stm32f1xx_hal_rcc.o(i.HAL_RCC_GetHCLKFreq)
    i.HAL_RCC_GetPCLK1Freq                   0x080022ac   Section        0  stm32f1xx_hal_rcc.o(i.HAL_RCC_GetPCLK1Freq)
    i.HAL_RCC_GetSysClockFreq                0x080022cc   Section        0  stm32f1xx_hal_rcc.o(i.HAL_RCC_GetSysClockFreq)
    i.HAL_RCC_OscConfig                      0x08002360   Section        0  stm32f1xx_hal_rcc.o(i.HAL_RCC_OscConfig)
    i.HAL_SYSTICK_Config                     0x080027c4   Section        0  stm32f1xx_hal_cortex.o(i.HAL_SYSTICK_Config)
    i.HardFault_Handler                      0x080027f8   Section        0  stm32f1xx_it.o(i.HardFault_Handler)
    i.I2C1_Init                              0x080027fc   Section        0  main.o(i.I2C1_Init)
    I2C1_Init                                0x080027fd   Thumb Code    48  main.o(i.I2C1_Init)
    i.I2C2_Init                              0x08002838   Section        0  main.o(i.I2C2_Init)
    I2C2_Init                                0x08002839   Thumb Code    48  main.o(i.I2C2_Init)
    i.I2C_IsAcknowledgeFailed                0x08002874   Section        0  stm32f1xx_hal_i2c.o(i.I2C_IsAcknowledgeFailed)
    I2C_IsAcknowledgeFailed                  0x08002875   Thumb Code    62  stm32f1xx_hal_i2c.o(i.I2C_IsAcknowledgeFailed)
    i.I2C_MasterRequestWrite                 0x080028b4   Section        0  stm32f1xx_hal_i2c.o(i.I2C_MasterRequestWrite)
    I2C_MasterRequestWrite                   0x080028b5   Thumb Code   166  stm32f1xx_hal_i2c.o(i.I2C_MasterRequestWrite)
    i.I2C_RequestMemoryRead                  0x08002960   Section        0  stm32f1xx_hal_i2c.o(i.I2C_RequestMemoryRead)
    I2C_RequestMemoryRead                    0x08002961   Thumb Code   308  stm32f1xx_hal_i2c.o(i.I2C_RequestMemoryRead)
    i.I2C_RequestMemoryWrite                 0x08002a98   Section        0  stm32f1xx_hal_i2c.o(i.I2C_RequestMemoryWrite)
    I2C_RequestMemoryWrite                   0x08002a99   Thumb Code   200  stm32f1xx_hal_i2c.o(i.I2C_RequestMemoryWrite)
    i.I2C_WaitOnBTFFlagUntilTimeout          0x08002b64   Section        0  stm32f1xx_hal_i2c.o(i.I2C_WaitOnBTFFlagUntilTimeout)
    I2C_WaitOnBTFFlagUntilTimeout            0x08002b65   Thumb Code    92  stm32f1xx_hal_i2c.o(i.I2C_WaitOnBTFFlagUntilTimeout)
    i.I2C_WaitOnFlagUntilTimeout             0x08002bc0   Section        0  stm32f1xx_hal_i2c.o(i.I2C_WaitOnFlagUntilTimeout)
    I2C_WaitOnFlagUntilTimeout               0x08002bc1   Thumb Code   134  stm32f1xx_hal_i2c.o(i.I2C_WaitOnFlagUntilTimeout)
    i.I2C_WaitOnMasterAddressFlagUntilTimeout 0x08002c46   Section        0  stm32f1xx_hal_i2c.o(i.I2C_WaitOnMasterAddressFlagUntilTimeout)
    I2C_WaitOnMasterAddressFlagUntilTimeout  0x08002c47   Thumb Code   196  stm32f1xx_hal_i2c.o(i.I2C_WaitOnMasterAddressFlagUntilTimeout)
    i.I2C_WaitOnRXNEFlagUntilTimeout         0x08002d0a   Section        0  stm32f1xx_hal_i2c.o(i.I2C_WaitOnRXNEFlagUntilTimeout)
    I2C_WaitOnRXNEFlagUntilTimeout           0x08002d0b   Thumb Code   128  stm32f1xx_hal_i2c.o(i.I2C_WaitOnRXNEFlagUntilTimeout)
    i.I2C_WaitOnTXEFlagUntilTimeout          0x08002d8a   Section        0  stm32f1xx_hal_i2c.o(i.I2C_WaitOnTXEFlagUntilTimeout)
    I2C_WaitOnTXEFlagUntilTimeout            0x08002d8b   Thumb Code    92  stm32f1xx_hal_i2c.o(i.I2C_WaitOnTXEFlagUntilTimeout)
    i.MPU6050_Init                           0x08002de8   Section        0  main.o(i.MPU6050_Init)
    i.MPU6050_Read_Accel                     0x08002e90   Section        0  main.o(i.MPU6050_Read_Accel)
    i.MPU6050_Read_Gyro                      0x08002f64   Section        0  main.o(i.MPU6050_Read_Gyro)
    i.MemManage_Handler                      0x08003038   Section        0  stm32f1xx_it.o(i.MemManage_Handler)
    i.NMI_Handler                            0x0800303c   Section        0  stm32f1xx_it.o(i.NMI_Handler)
    i.PendSV_Handler                         0x0800303e   Section        0  stm32f1xx_it.o(i.PendSV_Handler)
    i.RCC_Delay                              0x08003040   Section        0  stm32f1xx_hal_rcc.o(i.RCC_Delay)
    RCC_Delay                                0x08003041   Thumb Code    36  stm32f1xx_hal_rcc.o(i.RCC_Delay)
    i.SVC_Handler                            0x08003068   Section        0  stm32f1xx_it.o(i.SVC_Handler)
    i.SysTick_Handler                        0x0800306a   Section        0  stm32f1xx_it.o(i.SysTick_Handler)
    i.SystemClock_Config                     0x08003072   Section        0  main.o(i.SystemClock_Config)
    i.SystemInit                             0x080030d8   Section        0  system_stm32f1xx.o(i.SystemInit)
    i.UsageFault_Handler                     0x08003130   Section        0  stm32f1xx_it.o(i.UsageFault_Handler)
    i.__ARM_fpclassify                       0x08003134   Section        0  fpclassify.o(i.__ARM_fpclassify)
    i.__NVIC_GetPriorityGrouping             0x0800315c   Section        0  stm32f1xx_hal_cortex.o(i.__NVIC_GetPriorityGrouping)
    __NVIC_GetPriorityGrouping               0x0800315d   Thumb Code    10  stm32f1xx_hal_cortex.o(i.__NVIC_GetPriorityGrouping)
    i.__NVIC_SetPriority                     0x0800316c   Section        0  stm32f1xx_hal_cortex.o(i.__NVIC_SetPriority)
    __NVIC_SetPriority                       0x0800316d   Thumb Code    32  stm32f1xx_hal_cortex.o(i.__NVIC_SetPriority)
    i._is_digit                              0x08003194   Section        0  __printf_wp.o(i._is_digit)
    i.detectStep                             0x080031a4   Section        0  main.o(i.detectStep)
    i.lcd_clear                              0x080032f4   Section        0  main.o(i.lcd_clear)
    i.lcd_init                               0x0800330e   Section        0  main.o(i.lcd_init)
    i.lcd_send_cmd                           0x08003384   Section        0  main.o(i.lcd_send_cmd)
    i.lcd_send_data                          0x080033c8   Section        0  main.o(i.lcd_send_data)
    i.lcd_send_string                        0x0800340c   Section        0  main.o(i.lcd_send_string)
    i.main                                   0x08003424   Section        0  main.o(i.main)
    i.sqrt                                   0x08003708   Section        0  sqrt.o(i.sqrt)
    locale$$code                             0x08003754   Section       44  lc_numeric_c.o(locale$$code)
    x$fpl$d2f                                0x08003780   Section       98  d2f.o(x$fpl$d2f)
    x$fpl$dcmpinf                            0x080037e2   Section       24  dcmpi.o(x$fpl$dcmpinf)
    x$fpl$ddiv                               0x080037fc   Section      688  ddiv.o(x$fpl$ddiv)
    ddiv_entry                               0x08003803   Thumb Code     0  ddiv.o(x$fpl$ddiv)
    x$fpl$dflt                               0x08003aac   Section       46  dflt_clz.o(x$fpl$dflt)
    x$fpl$dleqf                              0x08003adc   Section      120  dleqf.o(x$fpl$dleqf)
    x$fpl$dnaninf                            0x08003b54   Section      156  dnaninf.o(x$fpl$dnaninf)
    x$fpl$dretinf                            0x08003bf0   Section       12  dretinf.o(x$fpl$dretinf)
    x$fpl$drleqf                             0x08003bfc   Section      108  drleqf.o(x$fpl$drleqf)
    x$fpl$dsqrt                              0x08003c68   Section      460  dsqrt_noumaal.o(x$fpl$dsqrt)
    x$fpl$f2d                                0x08003e34   Section       86  f2d.o(x$fpl$f2d)
    x$fpl$fadd                               0x08003e8c   Section      196  faddsub_clz.o(x$fpl$fadd)
    _fadd1                                   0x08003e9b   Thumb Code     0  faddsub_clz.o(x$fpl$fadd)
    x$fpl$fcmpinf                            0x08003f50   Section       24  fcmpi.o(x$fpl$fcmpinf)
    x$fpl$ffixu                              0x08003f68   Section       62  ffixu.o(x$fpl$ffixu)
    x$fpl$fleqf                              0x08003fa8   Section      104  fleqf.o(x$fpl$fleqf)
    x$fpl$fmul                               0x08004010   Section      258  fmul.o(x$fpl$fmul)
    x$fpl$fnaninf                            0x08004112   Section      140  fnaninf.o(x$fpl$fnaninf)
    x$fpl$fretinf                            0x0800419e   Section       10  fretinf.o(x$fpl$fretinf)
    x$fpl$frleqf                             0x080041a8   Section       98  frleqf.o(x$fpl$frleqf)
    x$fpl$fsub                               0x0800420c   Section      234  faddsub_clz.o(x$fpl$fsub)
    _fsub1                                   0x0800421b   Thumb Code     0  faddsub_clz.o(x$fpl$fsub)
    x$fpl$printf1                            0x080042f6   Section        4  printf1.o(x$fpl$printf1)
    .constdata                               0x080042fa   Section       24  system_stm32f1xx.o(.constdata)
    x$fpl$usenofp                            0x080042fa   Section        0  usenofp.o(x$fpl$usenofp)
    .constdata                               0x08004314   Section      148  bigflt0.o(.constdata)
    tenpwrs_x                                0x08004314   Data          60  bigflt0.o(.constdata)
    tenpwrs_i                                0x08004350   Data          64  bigflt0.o(.constdata)
    locale$$data                             0x080043c8   Section       28  lc_numeric_c.o(locale$$data)
    __lcnum_c_name                           0x080043cc   Data           2  lc_numeric_c.o(locale$$data)
    __lcnum_c_start                          0x080043d4   Data           0  lc_numeric_c.o(locale$$data)
    __lcnum_c_point                          0x080043e0   Data           0  lc_numeric_c.o(locale$$data)
    __lcnum_c_thousands                      0x080043e2   Data           0  lc_numeric_c.o(locale$$data)
    __lcnum_c_grouping                       0x080043e3   Data           0  lc_numeric_c.o(locale$$data)
    __lcnum_c_end                            0x080043e4   Data           0  lc_numeric_c.o(locale$$data)
    .data                                    0x20000000   Section       48  main.o(.data)
    previousTick                             0x2000002c   Data           4  main.o(.data)
    .data                                    0x20000030   Section        4  system_stm32f1xx.o(.data)
    .data                                    0x20000034   Section        9  stm32f1xx_hal.o(.data)
    .bss                                     0x20000040   Section      192  main.o(.bss)
    .bss                                     0x20000100   Section       96  libspace.o(.bss)
    HEAP                                     0x20000160   Section      512  startup_stm32f103c8tx.o(HEAP)
    Heap_Mem                                 0x20000160   Data         512  startup_stm32f103c8tx.o(HEAP)
    STACK                                    0x20000360   Section     1024  startup_stm32f103c8tx.o(STACK)
    Stack_Mem                                0x20000360   Data        1024  startup_stm32f103c8tx.o(STACK)
    __initial_sp                             0x20000760   Data           0  startup_stm32f103c8tx.o(STACK)

    Global Symbols

    Symbol Name                              Value     Ov Type        Size  Object(Section)

    BuildAttributes$$THM_ISAv4$P$D$K$B$S$PE$A:L22UL41UL21$X:L11$S22US41US21$IEEE1$IW$USESV6$~STKCKD$USESV7$~SHL$OTIME$ROPI$IEEEJ$EBA8$UX$STANDARDLIB$REQ8$PRES8$EABIv2 0x00000000   Number         0  anon$$obj.o ABSOLUTE
    __ARM_use_no_argv                        0x00000000   Number         0  main.o ABSOLUTE
    _printf_flags                            0x00000000   Number         0  printf_stubs.o ABSOLUTE
    _printf_return_value                     0x00000000   Number         0  printf_stubs.o ABSOLUTE
    _printf_sizespec                         0x00000000   Number         0  printf_stubs.o ABSOLUTE
    _printf_widthprec                        0x00000000   Number         0  printf_stubs.o ABSOLUTE
    __ARM_exceptions_init                     - Undefined Weak Reference
    __alloca_initialize                       - Undefined Weak Reference
    __arm_preinit_                            - Undefined Weak Reference
    __cpp_initialize__aeabi_                  - Undefined Weak Reference
    __cxa_finalize                            - Undefined Weak Reference
    __sigvec_lookup                           - Undefined Weak Reference
    _atexit_init                              - Undefined Weak Reference
    _call_atexit_fns                          - Undefined Weak Reference
    _clock_init                               - Undefined Weak Reference
    _fp_trap_init                             - Undefined Weak Reference
    _fp_trap_shutdown                         - Undefined Weak Reference
    _get_lc_collate                           - Undefined Weak Reference
    _get_lc_ctype                             - Undefined Weak Reference
    _get_lc_monetary                          - Undefined Weak Reference
    _get_lc_time                              - Undefined Weak Reference
    _getenv_init                              - Undefined Weak Reference
    _handle_redirection                       - Undefined Weak Reference
    _init_alloc                               - Undefined Weak Reference
    _init_user_alloc                          - Undefined Weak Reference
    _initio                                   - Undefined Weak Reference
    _printf_post_padding                      - Undefined Weak Reference
    _printf_pre_padding                       - Undefined Weak Reference
    _printf_truncate_signed                   - Undefined Weak Reference
    _printf_truncate_unsigned                 - Undefined Weak Reference
    _rand_init                                - Undefined Weak Reference
    _signal_finish                            - Undefined Weak Reference
    _signal_init                              - Undefined Weak Reference
    _terminate_alloc                          - Undefined Weak Reference
    _terminate_user_alloc                     - Undefined Weak Reference
    _terminateio                              - Undefined Weak Reference
    __Vectors_Size                           0x000000ec   Number         0  startup_stm32f103c8tx.o ABSOLUTE
    __Vectors                                0x08000000   Data           4  startup_stm32f103c8tx.o(RESET)
    __Vectors_End                            0x080000ec   Data           0  startup_stm32f103c8tx.o(RESET)
    __main                                   0x080000ed   Thumb Code     8  __main.o(!!!main)
    __scatterload                            0x080000f5   Thumb Code     0  __scatter.o(!!!scatter)
    __scatterload_rt2                        0x080000f5   Thumb Code    44  __scatter.o(!!!scatter)
    __scatterload_rt2_thumb_only             0x080000f5   Thumb Code     0  __scatter.o(!!!scatter)
    __scatterload_null                       0x08000103   Thumb Code     0  __scatter.o(!!!scatter)
    __scatterload_copy                       0x08000129   Thumb Code    26  __scatter_copy.o(!!handler_copy)
    __scatterload_zeroinit                   0x08000145   Thumb Code    28  __scatter_zi.o(!!handler_zi)
    _printf_f                                0x08000161   Thumb Code     0  _printf_f.o(.ARM.Collect$$_printf_percent$$00000003)
    _printf_percent                          0x08000161   Thumb Code     0  _printf_percent.o(.ARM.Collect$$_printf_percent$$00000000)
    _printf_d                                0x08000167   Thumb Code     0  _printf_d.o(.ARM.Collect$$_printf_percent$$00000009)
    _printf_percent_end                      0x0800016d   Thumb Code     0  _printf_percent_end.o(.ARM.Collect$$_printf_percent$$00000017)
    __rt_lib_init                            0x08000171   Thumb Code     0  libinit.o(.ARM.Collect$$libinit$$00000000)
    __rt_lib_init_fp_1                       0x08000173   Thumb Code     0  libinit2.o(.ARM.Collect$$libinit$$00000002)
    __rt_lib_init_heap_1                     0x08000173   Thumb Code     0  libinit2.o(.ARM.Collect$$libinit$$0000000A)
    __rt_lib_init_lc_common                  0x08000173   Thumb Code     0  libinit2.o(.ARM.Collect$$libinit$$0000000F)
    __rt_lib_init_preinit_1                  0x08000173   Thumb Code     0  libinit2.o(.ARM.Collect$$libinit$$00000004)
    __rt_lib_init_rand_1                     0x08000173   Thumb Code     0  libinit2.o(.ARM.Collect$$libinit$$0000000E)
    __rt_lib_init_user_alloc_1               0x08000173   Thumb Code     0  libinit2.o(.ARM.Collect$$libinit$$0000000C)
    __rt_lib_init_lc_collate_1               0x08000179   Thumb Code     0  libinit2.o(.ARM.Collect$$libinit$$00000011)
    __rt_lib_init_lc_ctype_1                 0x08000179   Thumb Code     0  libinit2.o(.ARM.Collect$$libinit$$00000013)
    __rt_lib_init_lc_monetary_1              0x08000179   Thumb Code     0  libinit2.o(.ARM.Collect$$libinit$$00000015)
    __rt_lib_init_lc_numeric_2               0x08000179   Thumb Code     0  libinit2.o(.ARM.Collect$$libinit$$00000016)
    __rt_lib_init_alloca_1                   0x08000183   Thumb Code     0  libinit2.o(.ARM.Collect$$libinit$$0000002E)
    __rt_lib_init_argv_1                     0x08000183   Thumb Code     0  libinit2.o(.ARM.Collect$$libinit$$0000002C)
    __rt_lib_init_atexit_1                   0x08000183   Thumb Code     0  libinit2.o(.ARM.Collect$$libinit$$0000001B)
    __rt_lib_init_clock_1                    0x08000183   Thumb Code     0  libinit2.o(.ARM.Collect$$libinit$$00000021)
    __rt_lib_init_cpp_1                      0x08000183   Thumb Code     0  libinit2.o(.ARM.Collect$$libinit$$00000032)
    __rt_lib_init_exceptions_1               0x08000183   Thumb Code     0  libinit2.o(.ARM.Collect$$libinit$$00000030)
    __rt_lib_init_fp_trap_1                  0x08000183   Thumb Code     0  libinit2.o(.ARM.Collect$$libinit$$0000001F)
    __rt_lib_init_getenv_1                   0x08000183   Thumb Code     0  libinit2.o(.ARM.Collect$$libinit$$00000023)
    __rt_lib_init_lc_numeric_1               0x08000183   Thumb Code     0  libinit2.o(.ARM.Collect$$libinit$$00000017)
    __rt_lib_init_lc_time_1                  0x08000183   Thumb Code     0  libinit2.o(.ARM.Collect$$libinit$$00000019)
    __rt_lib_init_return                     0x08000183   Thumb Code     0  libinit2.o(.ARM.Collect$$libinit$$00000033)
    __rt_lib_init_signal_1                   0x08000183   Thumb Code     0  libinit2.o(.ARM.Collect$$libinit$$0000001D)
    __rt_lib_init_stdio_1                    0x08000183   Thumb Code     0  libinit2.o(.ARM.Collect$$libinit$$00000025)
    __rt_lib_shutdown                        0x08000185   Thumb Code     0  libshutdown.o(.ARM.Collect$$libshutdown$$00000000)
    __rt_lib_shutdown_cpp_1                  0x08000187   Thumb Code     0  libshutdown2.o(.ARM.Collect$$libshutdown$$00000002)
    __rt_lib_shutdown_fp_trap_1              0x08000187   Thumb Code     0  libshutdown2.o(.ARM.Collect$$libshutdown$$00000007)
    __rt_lib_shutdown_heap_1                 0x08000187   Thumb Code     0  libshutdown2.o(.ARM.Collect$$libshutdown$$0000000F)
    __rt_lib_shutdown_return                 0x08000187   Thumb Code     0  libshutdown2.o(.ARM.Collect$$libshutdown$$00000010)
    __rt_lib_shutdown_signal_1               0x08000187   Thumb Code     0  libshutdown2.o(.ARM.Collect$$libshutdown$$0000000A)
    __rt_lib_shutdown_stdio_1                0x08000187   Thumb Code     0  libshutdown2.o(.ARM.Collect$$libshutdown$$00000004)
    __rt_lib_shutdown_user_alloc_1           0x08000187   Thumb Code     0  libshutdown2.o(.ARM.Collect$$libshutdown$$0000000C)
    __rt_entry                               0x08000189   Thumb Code     0  __rtentry.o(.ARM.Collect$$rtentry$$00000000)
    __rt_entry_presh_1                       0x08000189   Thumb Code     0  __rtentry2.o(.ARM.Collect$$rtentry$$00000002)
    __rt_entry_sh                            0x08000189   Thumb Code     0  __rtentry4.o(.ARM.Collect$$rtentry$$00000004)
    __rt_entry_li                            0x0800018f   Thumb Code     0  __rtentry2.o(.ARM.Collect$$rtentry$$0000000A)
    __rt_entry_postsh_1                      0x0800018f   Thumb Code     0  __rtentry2.o(.ARM.Collect$$rtentry$$00000009)
    __rt_entry_main                          0x08000193   Thumb Code     0  __rtentry2.o(.ARM.Collect$$rtentry$$0000000D)
    __rt_entry_postli_1                      0x08000193   Thumb Code     0  __rtentry2.o(.ARM.Collect$$rtentry$$0000000C)
    __rt_exit                                0x0800019b   Thumb Code     0  rtexit.o(.ARM.Collect$$rtexit$$00000000)
    __rt_exit_ls                             0x0800019d   Thumb Code     0  rtexit2.o(.ARM.Collect$$rtexit$$00000003)
    __rt_exit_prels_1                        0x0800019d   Thumb Code     0  rtexit2.o(.ARM.Collect$$rtexit$$00000002)
    __rt_exit_exit                           0x080001a1   Thumb Code     0  rtexit2.o(.ARM.Collect$$rtexit$$00000004)
    Reset_Handler                            0x080001a9   Thumb Code     8  startup_stm32f103c8tx.o(.text)
    ADC1_2_IRQHandler                        0x080001c3   Thumb Code     0  startup_stm32f103c8tx.o(.text)
    CAN1_RX1_IRQHandler                      0x080001c3   Thumb Code     0  startup_stm32f103c8tx.o(.text)
    CAN1_SCE_IRQHandler                      0x080001c3   Thumb Code     0  startup_stm32f103c8tx.o(.text)
    DMA1_Channel1_IRQHandler                 0x080001c3   Thumb Code     0  startup_stm32f103c8tx.o(.text)
    DMA1_Channel2_IRQHandler                 0x080001c3   Thumb Code     0  startup_stm32f103c8tx.o(.text)
    DMA1_Channel3_IRQHandler                 0x080001c3   Thumb Code     0  startup_stm32f103c8tx.o(.text)
    DMA1_Channel4_IRQHandler                 0x080001c3   Thumb Code     0  startup_stm32f103c8tx.o(.text)
    DMA1_Channel5_IRQHandler                 0x080001c3   Thumb Code     0  startup_stm32f103c8tx.o(.text)
    DMA1_Channel6_IRQHandler                 0x080001c3   Thumb Code     0  startup_stm32f103c8tx.o(.text)
    DMA1_Channel7_IRQHandler                 0x080001c3   Thumb Code     0  startup_stm32f103c8tx.o(.text)
    EXTI0_IRQHandler                         0x080001c3   Thumb Code     0  startup_stm32f103c8tx.o(.text)
    EXTI15_10_IRQHandler                     0x080001c3   Thumb Code     0  startup_stm32f103c8tx.o(.text)
    EXTI1_IRQHandler                         0x080001c3   Thumb Code     0  startup_stm32f103c8tx.o(.text)
    EXTI2_IRQHandler                         0x080001c3   Thumb Code     0  startup_stm32f103c8tx.o(.text)
    EXTI3_IRQHandler                         0x080001c3   Thumb Code     0  startup_stm32f103c8tx.o(.text)
    EXTI4_IRQHandler                         0x080001c3   Thumb Code     0  startup_stm32f103c8tx.o(.text)
    EXTI9_5_IRQHandler                       0x080001c3   Thumb Code     0  startup_stm32f103c8tx.o(.text)
    FLASH_IRQHandler                         0x080001c3   Thumb Code     0  startup_stm32f103c8tx.o(.text)
    I2C1_ER_IRQHandler                       0x080001c3   Thumb Code     0  startup_stm32f103c8tx.o(.text)
    I2C1_EV_IRQHandler                       0x080001c3   Thumb Code     0  startup_stm32f103c8tx.o(.text)
    I2C2_ER_IRQHandler                       0x080001c3   Thumb Code     0  startup_stm32f103c8tx.o(.text)
    I2C2_EV_IRQHandler                       0x080001c3   Thumb Code     0  startup_stm32f103c8tx.o(.text)
    PVD_IRQHandler                           0x080001c3   Thumb Code     0  startup_stm32f103c8tx.o(.text)
    RCC_IRQHandler                           0x080001c3   Thumb Code     0  startup_stm32f103c8tx.o(.text)
    RTC_Alarm_IRQHandler                     0x080001c3   Thumb Code     0  startup_stm32f103c8tx.o(.text)
    RTC_IRQHandler                           0x080001c3   Thumb Code     0  startup_stm32f103c8tx.o(.text)
    SPI1_IRQHandler                          0x080001c3   Thumb Code     0  startup_stm32f103c8tx.o(.text)
    SPI2_IRQHandler                          0x080001c3   Thumb Code     0  startup_stm32f103c8tx.o(.text)
    TAMPER_IRQHandler                        0x080001c3   Thumb Code     0  startup_stm32f103c8tx.o(.text)
    TIM1_BRK_IRQHandler                      0x080001c3   Thumb Code     0  startup_stm32f103c8tx.o(.text)
    TIM1_CC_IRQHandler                       0x080001c3   Thumb Code     0  startup_stm32f103c8tx.o(.text)
    TIM1_TRG_COM_IRQHandler                  0x080001c3   Thumb Code     0  startup_stm32f103c8tx.o(.text)
    TIM1_UP_IRQHandler                       0x080001c3   Thumb Code     0  startup_stm32f103c8tx.o(.text)
    TIM2_IRQHandler                          0x080001c3   Thumb Code     0  startup_stm32f103c8tx.o(.text)
    TIM3_IRQHandler                          0x080001c3   Thumb Code     0  startup_stm32f103c8tx.o(.text)
    TIM4_IRQHandler                          0x080001c3   Thumb Code     0  startup_stm32f103c8tx.o(.text)
    USART1_IRQHandler                        0x080001c3   Thumb Code     0  startup_stm32f103c8tx.o(.text)
    USART2_IRQHandler                        0x080001c3   Thumb Code     0  startup_stm32f103c8tx.o(.text)
    USART3_IRQHandler                        0x080001c3   Thumb Code     0  startup_stm32f103c8tx.o(.text)
    USBWakeUp_IRQHandler                     0x080001c3   Thumb Code     0  startup_stm32f103c8tx.o(.text)
    USB_HP_CAN1_TX_IRQHandler                0x080001c3   Thumb Code     0  startup_stm32f103c8tx.o(.text)
    USB_LP_CAN1_RX0_IRQHandler               0x080001c3   Thumb Code     0  startup_stm32f103c8tx.o(.text)
    WWDG_IRQHandler                          0x080001c3   Thumb Code     0  startup_stm32f103c8tx.o(.text)
    __user_initial_stackheap                 0x080001c5   Thumb Code     0  startup_stm32f103c8tx.o(.text)
    __2sprintf                               0x080001e9   Thumb Code    34  noretval__2sprintf.o(.text)
    _printf_int_dec                          0x08000211   Thumb Code   104  _printf_dec.o(.text)
    __printf                                 0x08000289   Thumb Code   270  __printf_wp.o(.text)
    __aeabi_memclr4                          0x08000397   Thumb Code     0  rt_memclr_w.o(.text)
    __aeabi_memclr8                          0x08000397   Thumb Code     0  rt_memclr_w.o(.text)
    __rt_memclr_w                            0x08000397   Thumb Code    78  rt_memclr_w.o(.text)
    _memset_w                                0x0800039b   Thumb Code     0  rt_memclr_w.o(.text)
    __use_two_region_memory                  0x080003e5   Thumb Code     2  heapauxi.o(.text)
    __rt_heap_escrow$2region                 0x080003e7   Thumb Code     2  heapauxi.o(.text)
    __rt_heap_expand$2region                 0x080003e9   Thumb Code     2  heapauxi.o(.text)
    __read_errno                             0x080003eb   Thumb Code    10  _rserrno.o(.text)
    __set_errno                              0x080003f5   Thumb Code    12  _rserrno.o(.text)
    _printf_int_common                       0x08000401   Thumb Code   178  _printf_intcommon.o(.text)
    __lib_sel_fp_printf                      0x080004b3   Thumb Code     2  _printf_fp_dec.o(.text)
    _printf_fp_dec_real                      0x08000665   Thumb Code   620  _printf_fp_dec.o(.text)
    _printf_char_common                      0x080008db   Thumb Code    32  _printf_char_common.o(.text)
    _sputc                                   0x08000901   Thumb Code    10  _sputc.o(.text)
    __rt_locale                              0x0800090d   Thumb Code     8  rt_locale_intlibspace.o(.text)
    __aeabi_errno_addr                       0x08000915   Thumb Code     8  rt_errno_addr_intlibspace.o(.text)
    __errno$intlibspace                      0x08000915   Thumb Code     0  rt_errno_addr_intlibspace.o(.text)
    __rt_errno_addr$intlibspace              0x08000915   Thumb Code     0  rt_errno_addr_intlibspace.o(.text)
    _ll_udiv10                               0x0800091d   Thumb Code   138  lludiv10.o(.text)
    _printf_fp_infnan                        0x080009a9   Thumb Code   112  _printf_fp_infnan.o(.text)
    _btod_etento                             0x08000a29   Thumb Code   224  bigflt0.o(.text)
    __user_libspace                          0x08000b0d   Thumb Code     8  libspace.o(.text)
    __user_perproc_libspace                  0x08000b0d   Thumb Code     0  libspace.o(.text)
    __user_perthread_libspace                0x08000b0d   Thumb Code     0  libspace.o(.text)
    __user_setup_stackheap                   0x08000b15   Thumb Code    74  sys_stackheap_outer.o(.text)
    exit                                     0x08000b5f   Thumb Code    18  exit.o(.text)
    strcmp                                   0x08000b71   Thumb Code   128  strcmpv7m.o(.text)
    _sys_exit                                0x08000bf1   Thumb Code     8  sys_exit.o(.text)
    __I$use$semihosting                      0x08000bfd   Thumb Code     0  use_no_semi.o(.text)
    __use_no_semihosting_swi                 0x08000bfd   Thumb Code     2  use_no_semi.o(.text)
    __semihosting_library_function           0x08000bff   Thumb Code     0  indicate_semi.o(.text)
    _btod_d2e                                0x08000bff   Thumb Code    62  btod.o(CL$$btod_d2e)
    _d2e_denorm_low                          0x08000c3d   Thumb Code    70  btod.o(CL$$btod_d2e_denorm_low)
    _d2e_norm_op1                            0x08000c83   Thumb Code    96  btod.o(CL$$btod_d2e_norm_op1)
    __btod_div_common                        0x08000ce3   Thumb Code   696  btod.o(CL$$btod_div_common)
    _e2e                                     0x0800101b   Thumb Code   220  btod.o(CL$$btod_e2e)
    _btod_ediv                               0x080010f7   Thumb Code    42  btod.o(CL$$btod_ediv)
    _btod_emul                               0x08001121   Thumb Code    42  btod.o(CL$$btod_emul)
    __btod_mult_common                       0x0800114b   Thumb Code   580  btod.o(CL$$btod_mult_common)
    BusFault_Handler                         0x0800138f   Thumb Code     4  stm32f1xx_it.o(i.BusFault_Handler)
    DebugMon_Handler                         0x08001393   Thumb Code     2  stm32f1xx_it.o(i.DebugMon_Handler)
    Error_Handler                            0x08001395   Thumb Code     2  main.o(i.Error_Handler)
    HAL_Delay                                0x080013f1   Thumb Code    36  stm32f1xx_hal.o(i.HAL_Delay)
    HAL_GPIO_Init                            0x08001419   Thumb Code   766  stm32f1xx_hal_gpio.o(i.HAL_GPIO_Init)
    HAL_GPIO_ReadPin                         0x08001739   Thumb Code    16  stm32f1xx_hal_gpio.o(i.HAL_GPIO_ReadPin)
    HAL_GPIO_TogglePin                       0x08001749   Thumb Code    14  stm32f1xx_hal_gpio.o(i.HAL_GPIO_TogglePin)
    HAL_GPIO_WritePin                        0x08001757   Thumb Code    12  stm32f1xx_hal_gpio.o(i.HAL_GPIO_WritePin)
    HAL_GetTick                              0x08001765   Thumb Code     6  stm32f1xx_hal.o(i.HAL_GetTick)
    HAL_I2C_Init                             0x08001771   Thumb Code   422  stm32f1xx_hal_i2c.o(i.HAL_I2C_Init)
    HAL_I2C_Master_Transmit                  0x08001929   Thumb Code   360  stm32f1xx_hal_i2c.o(i.HAL_I2C_Master_Transmit)
    HAL_I2C_Mem_Read                         0x08001a99   Thumb Code   772  stm32f1xx_hal_i2c.o(i.HAL_I2C_Mem_Read)
    HAL_I2C_Mem_Write                        0x08001da9   Thumb Code   348  stm32f1xx_hal_i2c.o(i.HAL_I2C_Mem_Write)
    HAL_I2C_MspInit                          0x08001f0d   Thumb Code   104  stm32f1xx_hal_msp.o(i.HAL_I2C_MspInit)
    HAL_IncTick                              0x08001f81   Thumb Code    16  stm32f1xx_hal.o(i.HAL_IncTick)
    HAL_Init                                 0x08001f99   Thumb Code    22  stm32f1xx_hal.o(i.HAL_Init)
    HAL_InitTick                             0x08001fb1   Thumb Code    64  stm32f1xx_hal.o(i.HAL_InitTick)
    HAL_MspInit                              0x08001ffd   Thumb Code    76  stm32f1xx_hal_msp.o(i.HAL_MspInit)
    HAL_NVIC_EnableIRQ                       0x08002051   Thumb Code    32  stm32f1xx_hal_cortex.o(i.HAL_NVIC_EnableIRQ)
    HAL_NVIC_SetPriority                     0x08002071   Thumb Code   124  stm32f1xx_hal_cortex.o(i.HAL_NVIC_SetPriority)
    HAL_NVIC_SetPriorityGrouping             0x080020ed   Thumb Code    32  stm32f1xx_hal_cortex.o(i.HAL_NVIC_SetPriorityGrouping)
    HAL_RCC_ClockConfig                      0x08002115   Thumb Code   376  stm32f1xx_hal_rcc.o(i.HAL_RCC_ClockConfig)
    HAL_RCC_GetHCLKFreq                      0x080022a1   Thumb Code     6  stm32f1xx_hal_rcc.o(i.HAL_RCC_GetHCLKFreq)
    HAL_RCC_GetPCLK1Freq                     0x080022ad   Thumb Code    22  stm32f1xx_hal_rcc.o(i.HAL_RCC_GetPCLK1Freq)
    HAL_RCC_GetSysClockFreq                  0x080022cd   Thumb Code   116  stm32f1xx_hal_rcc.o(i.HAL_RCC_GetSysClockFreq)
    HAL_RCC_OscConfig                        0x08002361   Thumb Code  1114  stm32f1xx_hal_rcc.o(i.HAL_RCC_OscConfig)
    HAL_SYSTICK_Config                       0x080027c5   Thumb Code    52  stm32f1xx_hal_cortex.o(i.HAL_SYSTICK_Config)
    HardFault_Handler                        0x080027f9   Thumb Code     4  stm32f1xx_it.o(i.HardFault_Handler)
    MPU6050_Init                             0x08002de9   Thumb Code   162  main.o(i.MPU6050_Init)
    MPU6050_Read_Accel                       0x08002e91   Thumb Code   178  main.o(i.MPU6050_Read_Accel)
    MPU6050_Read_Gyro                        0x08002f65   Thumb Code   178  main.o(i.MPU6050_Read_Gyro)
    MemManage_Handler                        0x08003039   Thumb Code     4  stm32f1xx_it.o(i.MemManage_Handler)
    NMI_Handler                              0x0800303d   Thumb Code     2  stm32f1xx_it.o(i.NMI_Handler)
    PendSV_Handler                           0x0800303f   Thumb Code     2  stm32f1xx_it.o(i.PendSV_Handler)
    SVC_Handler                              0x08003069   Thumb Code     2  stm32f1xx_it.o(i.SVC_Handler)
    SysTick_Handler                          0x0800306b   Thumb Code     8  stm32f1xx_it.o(i.SysTick_Handler)
    SystemClock_Config                       0x08003073   Thumb Code   102  main.o(i.SystemClock_Config)
    SystemInit                               0x080030d9   Thumb Code    70  system_stm32f1xx.o(i.SystemInit)
    UsageFault_Handler                       0x08003131   Thumb Code     4  stm32f1xx_it.o(i.UsageFault_Handler)
    __ARM_fpclassify                         0x08003135   Thumb Code    40  fpclassify.o(i.__ARM_fpclassify)
    _is_digit                                0x08003195   Thumb Code    14  __printf_wp.o(i._is_digit)
    detectStep                               0x080031a5   Thumb Code   320  main.o(i.detectStep)
    lcd_clear                                0x080032f5   Thumb Code    26  main.o(i.lcd_clear)
    lcd_init                                 0x0800330f   Thumb Code   118  main.o(i.lcd_init)
    lcd_send_cmd                             0x08003385   Thumb Code    64  main.o(i.lcd_send_cmd)
    lcd_send_data                            0x080033c9   Thumb Code    64  main.o(i.lcd_send_data)
    lcd_send_string                          0x0800340d   Thumb Code    22  main.o(i.lcd_send_string)
    main                                     0x08003425   Thumb Code   614  main.o(i.main)
    sqrt                                     0x08003709   Thumb Code    76  sqrt.o(i.sqrt)
    _get_lc_numeric                          0x08003755   Thumb Code    44  lc_numeric_c.o(locale$$code)
    __aeabi_d2f                              0x08003781   Thumb Code     0  d2f.o(x$fpl$d2f)
    _d2f                                     0x08003781   Thumb Code    98  d2f.o(x$fpl$d2f)
    __fpl_dcmp_Inf                           0x080037e3   Thumb Code    24  dcmpi.o(x$fpl$dcmpinf)
    __aeabi_ddiv                             0x080037fd   Thumb Code     0  ddiv.o(x$fpl$ddiv)
    _ddiv                                    0x080037fd   Thumb Code   552  ddiv.o(x$fpl$ddiv)
    __aeabi_i2d                              0x08003aad   Thumb Code     0  dflt_clz.o(x$fpl$dflt)
    _dflt                                    0x08003aad   Thumb Code    46  dflt_clz.o(x$fpl$dflt)
    __aeabi_cdcmple                          0x08003add   Thumb Code     0  dleqf.o(x$fpl$dleqf)
    _dcmple                                  0x08003add   Thumb Code   120  dleqf.o(x$fpl$dleqf)
    __fpl_dcmple_InfNaN                      0x08003b3f   Thumb Code     0  dleqf.o(x$fpl$dleqf)
    __fpl_dnaninf                            0x08003b55   Thumb Code   156  dnaninf.o(x$fpl$dnaninf)
    __fpl_dretinf                            0x08003bf1   Thumb Code    12  dretinf.o(x$fpl$dretinf)
    __aeabi_cdrcmple                         0x08003bfd   Thumb Code     0  drleqf.o(x$fpl$drleqf)
    _drcmple                                 0x08003bfd   Thumb Code   108  drleqf.o(x$fpl$drleqf)
    _dsqrt                                   0x08003c69   Thumb Code   456  dsqrt_noumaal.o(x$fpl$dsqrt)
    __aeabi_f2d                              0x08003e35   Thumb Code     0  f2d.o(x$fpl$f2d)
    _f2d                                     0x08003e35   Thumb Code    86  f2d.o(x$fpl$f2d)
    __aeabi_fadd                             0x08003e8d   Thumb Code     0  faddsub_clz.o(x$fpl$fadd)
    _fadd                                    0x08003e8d   Thumb Code   196  faddsub_clz.o(x$fpl$fadd)
    __fpl_fcmp_Inf                           0x08003f51   Thumb Code    24  fcmpi.o(x$fpl$fcmpinf)
    __aeabi_f2uiz                            0x08003f69   Thumb Code     0  ffixu.o(x$fpl$ffixu)
    _ffixu                                   0x08003f69   Thumb Code    62  ffixu.o(x$fpl$ffixu)
    __aeabi_cfcmple                          0x08003fa9   Thumb Code     0  fleqf.o(x$fpl$fleqf)
    _fcmple                                  0x08003fa9   Thumb Code   104  fleqf.o(x$fpl$fleqf)
    __fpl_fcmple_InfNaN                      0x08003ffb   Thumb Code     0  fleqf.o(x$fpl$fleqf)
    __aeabi_fmul                             0x08004011   Thumb Code     0  fmul.o(x$fpl$fmul)
    _fmul                                    0x08004011   Thumb Code   258  fmul.o(x$fpl$fmul)
    __fpl_fnaninf                            0x08004113   Thumb Code   140  fnaninf.o(x$fpl$fnaninf)
    __fpl_fretinf                            0x0800419f   Thumb Code    10  fretinf.o(x$fpl$fretinf)
    __aeabi_cfrcmple                         0x080041a9   Thumb Code     0  frleqf.o(x$fpl$frleqf)
    _frcmple                                 0x080041a9   Thumb Code    98  frleqf.o(x$fpl$frleqf)
    __aeabi_fsub                             0x0800420d   Thumb Code     0  faddsub_clz.o(x$fpl$fsub)
    _fsub                                    0x0800420d   Thumb Code   234  faddsub_clz.o(x$fpl$fsub)
    _printf_fp_dec                           0x080042f7   Thumb Code     4  printf1.o(x$fpl$printf1)
    AHBPrescTable                            0x080042fa   Data          16  system_stm32f1xx.o(.constdata)
    __I$use$fp                               0x080042fa   Number         0  usenofp.o(x$fpl$usenofp)
    APBPrescTable                            0x0800430a   Data           8  system_stm32f1xx.o(.constdata)
    Region$$Table$$Base                      0x080043a8   Number         0  anon$$obj.o(Region$$Table)
    Region$$Table$$Limit                     0x080043c8   Number         0  anon$$obj.o(Region$$Table)
    window_index                             0x20000000   Data           4  main.o(.data)
    current                                  0x20000004   Data           4  main.o(.data)
    Accel_X_RAW                              0x20000008   Data           2  main.o(.data)
    Accel_Y_RAW                              0x2000000a   Data           2  main.o(.data)
    Accel_Z_RAW                              0x2000000c   Data           2  main.o(.data)
    Gyro_X_RAW                               0x2000000e   Data           2  main.o(.data)
    Gyro_Y_RAW                               0x20000010   Data           2  main.o(.data)
    Gyro_Z_RAW                               0x20000012   Data           2  main.o(.data)
    Ax                                       0x20000014   Data           4  main.o(.data)
    Ay                                       0x20000018   Data           4  main.o(.data)
    Az                                       0x2000001c   Data           4  main.o(.data)
    Gx                                       0x20000020   Data           4  main.o(.data)
    Gy                                       0x20000024   Data           4  main.o(.data)
    Gz                                       0x20000028   Data           4  main.o(.data)
    SystemCoreClock                          0x20000030   Data           4  system_stm32f1xx.o(.data)
    uwTick                                   0x20000034   Data           4  stm32f1xx_hal.o(.data)
    uwTickPrio                               0x20000038   Data           4  stm32f1xx_hal.o(.data)
    uwTickFreq                               0x2000003c   Data           1  stm32f1xx_hal.o(.data)
    hi2c1                                    0x20000040   Data          84  main.o(.bss)
    hi2c2                                    0x20000094   Data          84  main.o(.bss)
    acc_window                               0x200000e8   Data          24  main.o(.bss)
    __libspace_start                         0x20000100   Data          96  libspace.o(.bss)
    __temporary_stack_top$libspace           0x20000160   Data           0  libspace.o(.bss)



==============================================================================

Memory Map of the image

  Image Entry point : 0x080001a9

  Load Region LR_1 (Base: 0x08000000, Size: 0x00004424, Max: 0xffffffff, ABSOLUTE)

    Execution Region ER_RO (Exec base: 0x08000000, Load base: 0x08000000, Size: 0x000043e4, Max: 0xffffffff, ABSOLUTE)

    Exec Addr    Load Addr    Size         Type   Attr      Idx    E Section Name        Object

    0x08000000   0x08000000   0x000000ec   Data   RO          355    RESET               startup_stm32f103c8tx.o
    0x080000ec   0x080000ec   0x00000008   Code   RO         1939  * !!!main             c_w.l(__main.o)
    0x080000f4   0x080000f4   0x00000034   Code   RO         2216    !!!scatter          c_w.l(__scatter.o)
    0x08000128   0x08000128   0x0000001a   Code   RO         2218    !!handler_copy      c_w.l(__scatter_copy.o)
    0x08000142   0x08000142   0x00000002   PAD
    0x08000144   0x08000144   0x0000001c   Code   RO         2220    !!handler_zi        c_w.l(__scatter_zi.o)
    0x08000160   0x08000160   0x00000000   Code   RO         1934    .ARM.Collect$$_printf_percent$$00000000  c_w.l(_printf_percent.o)
    0x08000160   0x08000160   0x00000006   Code   RO         1933    .ARM.Collect$$_printf_percent$$00000003  c_w.l(_printf_f.o)
    0x08000166   0x08000166   0x00000006   Code   RO         1932    .ARM.Collect$$_printf_percent$$00000009  c_w.l(_printf_d.o)
    0x0800016c   0x0800016c   0x00000004   Code   RO         1992    .ARM.Collect$$_printf_percent$$00000017  c_w.l(_printf_percent_end.o)
    0x08000170   0x08000170   0x00000002   Code   RO         2089    .ARM.Collect$$libinit$$00000000  c_w.l(libinit.o)
    0x08000172   0x08000172   0x00000000   Code   RO         2091    .ARM.Collect$$libinit$$00000002  c_w.l(libinit2.o)
    0x08000172   0x08000172   0x00000000   Code   RO         2093    .ARM.Collect$$libinit$$00000004  c_w.l(libinit2.o)
    0x08000172   0x08000172   0x00000000   Code   RO         2096    .ARM.Collect$$libinit$$0000000A  c_w.l(libinit2.o)
    0x08000172   0x08000172   0x00000000   Code   RO         2098    .ARM.Collect$$libinit$$0000000C  c_w.l(libinit2.o)
    0x08000172   0x08000172   0x00000000   Code   RO         2100    .ARM.Collect$$libinit$$0000000E  c_w.l(libinit2.o)
    0x08000172   0x08000172   0x00000006   Code   RO         2101    .ARM.Collect$$libinit$$0000000F  c_w.l(libinit2.o)
    0x08000178   0x08000178   0x00000000   Code   RO         2103    .ARM.Collect$$libinit$$00000011  c_w.l(libinit2.o)
    0x08000178   0x08000178   0x00000000   Code   RO         2105    .ARM.Collect$$libinit$$00000013  c_w.l(libinit2.o)
    0x08000178   0x08000178   0x00000000   Code   RO         2107    .ARM.Collect$$libinit$$00000015  c_w.l(libinit2.o)
    0x08000178   0x08000178   0x0000000a   Code   RO         2108    .ARM.Collect$$libinit$$00000016  c_w.l(libinit2.o)
    0x08000182   0x08000182   0x00000000   Code   RO         2109    .ARM.Collect$$libinit$$00000017  c_w.l(libinit2.o)
    0x08000182   0x08000182   0x00000000   Code   RO         2111    .ARM.Collect$$libinit$$00000019  c_w.l(libinit2.o)
    0x08000182   0x08000182   0x00000000   Code   RO         2113    .ARM.Collect$$libinit$$0000001B  c_w.l(libinit2.o)
    0x08000182   0x08000182   0x00000000   Code   RO         2115    .ARM.Collect$$libinit$$0000001D  c_w.l(libinit2.o)
    0x08000182   0x08000182   0x00000000   Code   RO         2117    .ARM.Collect$$libinit$$0000001F  c_w.l(libinit2.o)
    0x08000182   0x08000182   0x00000000   Code   RO         2119    .ARM.Collect$$libinit$$00000021  c_w.l(libinit2.o)
    0x08000182   0x08000182   0x00000000   Code   RO         2121    .ARM.Collect$$libinit$$00000023  c_w.l(libinit2.o)
    0x08000182   0x08000182   0x00000000   Code   RO         2123    .ARM.Collect$$libinit$$00000025  c_w.l(libinit2.o)
    0x08000182   0x08000182   0x00000000   Code   RO         2127    .ARM.Collect$$libinit$$0000002C  c_w.l(libinit2.o)
    0x08000182   0x08000182   0x00000000   Code   RO         2129    .ARM.Collect$$libinit$$0000002E  c_w.l(libinit2.o)
    0x08000182   0x08000182   0x00000000   Code   RO         2131    .ARM.Collect$$libinit$$00000030  c_w.l(libinit2.o)
    0x08000182   0x08000182   0x00000000   Code   RO         2133    .ARM.Collect$$libinit$$00000032  c_w.l(libinit2.o)
    0x08000182   0x08000182   0x00000002   Code   RO         2134    .ARM.Collect$$libinit$$00000033  c_w.l(libinit2.o)
    0x08000184   0x08000184   0x00000002   Code   RO         2164    .ARM.Collect$$libshutdown$$00000000  c_w.l(libshutdown.o)
    0x08000186   0x08000186   0x00000000   Code   RO         2175    .ARM.Collect$$libshutdown$$00000002  c_w.l(libshutdown2.o)
    0x08000186   0x08000186   0x00000000   Code   RO         2177    .ARM.Collect$$libshutdown$$00000004  c_w.l(libshutdown2.o)
    0x08000186   0x08000186   0x00000000   Code   RO         2180    .ARM.Collect$$libshutdown$$00000007  c_w.l(libshutdown2.o)
    0x08000186   0x08000186   0x00000000   Code   RO         2183    .ARM.Collect$$libshutdown$$0000000A  c_w.l(libshutdown2.o)
    0x08000186   0x08000186   0x00000000   Code   RO         2185    .ARM.Collect$$libshutdown$$0000000C  c_w.l(libshutdown2.o)
    0x08000186   0x08000186   0x00000000   Code   RO         2188    .ARM.Collect$$libshutdown$$0000000F  c_w.l(libshutdown2.o)
    0x08000186   0x08000186   0x00000002   Code   RO         2189    .ARM.Collect$$libshutdown$$00000010  c_w.l(libshutdown2.o)
    0x08000188   0x08000188   0x00000000   Code   RO         1981    .ARM.Collect$$rtentry$$00000000  c_w.l(__rtentry.o)
    0x08000188   0x08000188   0x00000000   Code   RO         2009    .ARM.Collect$$rtentry$$00000002  c_w.l(__rtentry2.o)
    0x08000188   0x08000188   0x00000006   Code   RO         2021    .ARM.Collect$$rtentry$$00000004  c_w.l(__rtentry4.o)
    0x0800018e   0x0800018e   0x00000000   Code   RO         2011    .ARM.Collect$$rtentry$$00000009  c_w.l(__rtentry2.o)
    0x0800018e   0x0800018e   0x00000004   Code   RO         2012    .ARM.Collect$$rtentry$$0000000A  c_w.l(__rtentry2.o)
    0x08000192   0x08000192   0x00000000   Code   RO         2014    .ARM.Collect$$rtentry$$0000000C  c_w.l(__rtentry2.o)
    0x08000192   0x08000192   0x00000008   Code   RO         2015    .ARM.Collect$$rtentry$$0000000D  c_w.l(__rtentry2.o)
    0x0800019a   0x0800019a   0x00000002   Code   RO         2135    .ARM.Collect$$rtexit$$00000000  c_w.l(rtexit.o)
    0x0800019c   0x0800019c   0x00000000   Code   RO         2142    .ARM.Collect$$rtexit$$00000002  c_w.l(rtexit2.o)
    0x0800019c   0x0800019c   0x00000004   Code   RO         2143    .ARM.Collect$$rtexit$$00000003  c_w.l(rtexit2.o)
    0x080001a0   0x080001a0   0x00000006   Code   RO         2144    .ARM.Collect$$rtexit$$00000004  c_w.l(rtexit2.o)
    0x080001a6   0x080001a6   0x00000002   PAD
    0x080001a8   0x080001a8   0x00000040   Code   RO          356  * .text               startup_stm32f103c8tx.o
    0x080001e8   0x080001e8   0x00000028   Code   RO         1906    .text               c_w.l(noretval__2sprintf.o)
    0x08000210   0x08000210   0x00000078   Code   RO         1910    .text               c_w.l(_printf_dec.o)
    0x08000288   0x08000288   0x0000010e   Code   RO         1920    .text               c_w.l(__printf_wp.o)
    0x08000396   0x08000396   0x0000004e   Code   RO         1935    .text               c_w.l(rt_memclr_w.o)
    0x080003e4   0x080003e4   0x00000006   Code   RO         1937    .text               c_w.l(heapauxi.o)
    0x080003ea   0x080003ea   0x00000016   Code   RO         1982    .text               c_w.l(_rserrno.o)
    0x08000400   0x08000400   0x000000b2   Code   RO         1984    .text               c_w.l(_printf_intcommon.o)
    0x080004b2   0x080004b2   0x0000041e   Code   RO         1986    .text               c_w.l(_printf_fp_dec.o)
    0x080008d0   0x080008d0   0x00000030   Code   RO         1988    .text               c_w.l(_printf_char_common.o)
    0x08000900   0x08000900   0x0000000a   Code   RO         1990    .text               c_w.l(_sputc.o)
    0x0800090a   0x0800090a   0x00000002   PAD
    0x0800090c   0x0800090c   0x00000008   Code   RO         2026    .text               c_w.l(rt_locale_intlibspace.o)
    0x08000914   0x08000914   0x00000008   Code   RO         2031    .text               c_w.l(rt_errno_addr_intlibspace.o)
    0x0800091c   0x0800091c   0x0000008a   Code   RO         2033    .text               c_w.l(lludiv10.o)
    0x080009a6   0x080009a6   0x00000002   PAD
    0x080009a8   0x080009a8   0x00000080   Code   RO         2035    .text               c_w.l(_printf_fp_infnan.o)
    0x08000a28   0x08000a28   0x000000e4   Code   RO         2039    .text               c_w.l(bigflt0.o)
    0x08000b0c   0x08000b0c   0x00000008   Code   RO         2075    .text               c_w.l(libspace.o)
    0x08000b14   0x08000b14   0x0000004a   Code   RO         2078    .text               c_w.l(sys_stackheap_outer.o)
    0x08000b5e   0x08000b5e   0x00000012   Code   RO         2080    .text               c_w.l(exit.o)
    0x08000b70   0x08000b70   0x00000080   Code   RO         2082    .text               c_w.l(strcmpv7m.o)
    0x08000bf0   0x08000bf0   0x0000000c   Code   RO         2154    .text               c_w.l(sys_exit.o)
    0x08000bfc   0x08000bfc   0x00000002   Code   RO         2165    .text               c_w.l(use_no_semi.o)
    0x08000bfe   0x08000bfe   0x00000000   Code   RO         2167    .text               c_w.l(indicate_semi.o)
    0x08000bfe   0x08000bfe   0x0000003e   Code   RO         2042    CL$$btod_d2e        c_w.l(btod.o)
    0x08000c3c   0x08000c3c   0x00000046   Code   RO         2044    CL$$btod_d2e_denorm_low  c_w.l(btod.o)
    0x08000c82   0x08000c82   0x00000060   Code   RO         2043    CL$$btod_d2e_norm_op1  c_w.l(btod.o)
    0x08000ce2   0x08000ce2   0x00000338   Code   RO         2052    CL$$btod_div_common  c_w.l(btod.o)
    0x0800101a   0x0800101a   0x000000dc   Code   RO         2049    CL$$btod_e2e        c_w.l(btod.o)
    0x080010f6   0x080010f6   0x0000002a   Code   RO         2046    CL$$btod_ediv       c_w.l(btod.o)
    0x08001120   0x08001120   0x0000002a   Code   RO         2045    CL$$btod_emul       c_w.l(btod.o)
    0x0800114a   0x0800114a   0x00000244   Code   RO         2051    CL$$btod_mult_common  c_w.l(btod.o)
    0x0800138e   0x0800138e   0x00000004   Code   RO          244    i.BusFault_Handler  stm32f1xx_it.o
    0x08001392   0x08001392   0x00000002   Code   RO          245    i.DebugMon_Handler  stm32f1xx_it.o
    0x08001394   0x08001394   0x00000002   Code   RO            4    i.Error_Handler     main.o
    0x08001396   0x08001396   0x00000002   PAD
    0x08001398   0x08001398   0x00000058   Code   RO            5    i.GPIO_Init         main.o
    0x080013f0   0x080013f0   0x00000028   Code   RO          370    i.HAL_Delay         stm32f1xx_hal.o
    0x08001418   0x08001418   0x00000320   Code   RO         1038    i.HAL_GPIO_Init     stm32f1xx_hal_gpio.o
    0x08001738   0x08001738   0x00000010   Code   RO         1040    i.HAL_GPIO_ReadPin  stm32f1xx_hal_gpio.o
    0x08001748   0x08001748   0x0000000e   Code   RO         1041    i.HAL_GPIO_TogglePin  stm32f1xx_hal_gpio.o
    0x08001756   0x08001756   0x0000000c   Code   RO         1042    i.HAL_GPIO_WritePin  stm32f1xx_hal_gpio.o
    0x08001762   0x08001762   0x00000002   PAD
    0x08001764   0x08001764   0x0000000c   Code   RO          374    i.HAL_GetTick       stm32f1xx_hal.o
    0x08001770   0x08001770   0x000001b8   Code   RO         1148    i.HAL_I2C_Init      stm32f1xx_hal_i2c.o
    0x08001928   0x08001928   0x00000170   Code   RO         1161    i.HAL_I2C_Master_Transmit  stm32f1xx_hal_i2c.o
    0x08001a98   0x08001a98   0x00000310   Code   RO         1166    i.HAL_I2C_Mem_Read  stm32f1xx_hal_i2c.o
    0x08001da8   0x08001da8   0x00000164   Code   RO         1169    i.HAL_I2C_Mem_Write  stm32f1xx_hal_i2c.o
    0x08001f0c   0x08001f0c   0x00000074   Code   RO          205    i.HAL_I2C_MspInit   stm32f1xx_hal_msp.o
    0x08001f80   0x08001f80   0x00000018   Code   RO          380    i.HAL_IncTick       stm32f1xx_hal.o
    0x08001f98   0x08001f98   0x00000016   Code   RO          381    i.HAL_Init          stm32f1xx_hal.o
    0x08001fae   0x08001fae   0x00000002   PAD
    0x08001fb0   0x08001fb0   0x0000004c   Code   RO          382    i.HAL_InitTick      stm32f1xx_hal.o
    0x08001ffc   0x08001ffc   0x00000054   Code   RO          206    i.HAL_MspInit       stm32f1xx_hal_msp.o
    0x08002050   0x08002050   0x00000020   Code   RO          539    i.HAL_NVIC_EnableIRQ  stm32f1xx_hal_cortex.o
    0x08002070   0x08002070   0x0000007c   Code   RO          545    i.HAL_NVIC_SetPriority  stm32f1xx_hal_cortex.o
    0x080020ec   0x080020ec   0x00000028   Code   RO          546    i.HAL_NVIC_SetPriorityGrouping  stm32f1xx_hal_cortex.o
    0x08002114   0x08002114   0x0000018c   Code   RO         1725    i.HAL_RCC_ClockConfig  stm32f1xx_hal_rcc.o
    0x080022a0   0x080022a0   0x0000000c   Code   RO         1730    i.HAL_RCC_GetHCLKFreq  stm32f1xx_hal_rcc.o
    0x080022ac   0x080022ac   0x00000020   Code   RO         1732    i.HAL_RCC_GetPCLK1Freq  stm32f1xx_hal_rcc.o
    0x080022cc   0x080022cc   0x00000094   Code   RO         1734    i.HAL_RCC_GetSysClockFreq  stm32f1xx_hal_rcc.o
    0x08002360   0x08002360   0x00000464   Code   RO         1737    i.HAL_RCC_OscConfig  stm32f1xx_hal_rcc.o
    0x080027c4   0x080027c4   0x00000034   Code   RO          550    i.HAL_SYSTICK_Config  stm32f1xx_hal_cortex.o
    0x080027f8   0x080027f8   0x00000004   Code   RO          246    i.HardFault_Handler  stm32f1xx_it.o
    0x080027fc   0x080027fc   0x0000003c   Code   RO            6    i.I2C1_Init         main.o
    0x08002838   0x08002838   0x0000003c   Code   RO            7    i.I2C2_Init         main.o
    0x08002874   0x08002874   0x0000003e   Code   RO         1191    i.I2C_IsAcknowledgeFailed  stm32f1xx_hal_i2c.o
    0x080028b2   0x080028b2   0x00000002   PAD
    0x080028b4   0x080028b4   0x000000ac   Code   RO         1195    i.I2C_MasterRequestWrite  stm32f1xx_hal_i2c.o
    0x08002960   0x08002960   0x00000138   Code   RO         1201    i.I2C_RequestMemoryRead  stm32f1xx_hal_i2c.o
    0x08002a98   0x08002a98   0x000000cc   Code   RO         1202    i.I2C_RequestMemoryWrite  stm32f1xx_hal_i2c.o
    0x08002b64   0x08002b64   0x0000005c   Code   RO         1210    i.I2C_WaitOnBTFFlagUntilTimeout  stm32f1xx_hal_i2c.o
    0x08002bc0   0x08002bc0   0x00000086   Code   RO         1211    i.I2C_WaitOnFlagUntilTimeout  stm32f1xx_hal_i2c.o
    0x08002c46   0x08002c46   0x000000c4   Code   RO         1212    i.I2C_WaitOnMasterAddressFlagUntilTimeout  stm32f1xx_hal_i2c.o
    0x08002d0a   0x08002d0a   0x00000080   Code   RO         1213    i.I2C_WaitOnRXNEFlagUntilTimeout  stm32f1xx_hal_i2c.o
    0x08002d8a   0x08002d8a   0x0000005c   Code   RO         1215    i.I2C_WaitOnTXEFlagUntilTimeout  stm32f1xx_hal_i2c.o
    0x08002de6   0x08002de6   0x00000002   PAD
    0x08002de8   0x08002de8   0x000000a8   Code   RO            8    i.MPU6050_Init      main.o
    0x08002e90   0x08002e90   0x000000d4   Code   RO            9    i.MPU6050_Read_Accel  main.o
    0x08002f64   0x08002f64   0x000000d4   Code   RO           10    i.MPU6050_Read_Gyro  main.o
    0x08003038   0x08003038   0x00000004   Code   RO          247    i.MemManage_Handler  stm32f1xx_it.o
    0x0800303c   0x0800303c   0x00000002   Code   RO          248    i.NMI_Handler       stm32f1xx_it.o
    0x0800303e   0x0800303e   0x00000002   Code   RO          249    i.PendSV_Handler    stm32f1xx_it.o
    0x08003040   0x08003040   0x00000028   Code   RO         1738    i.RCC_Delay         stm32f1xx_hal_rcc.o
    0x08003068   0x08003068   0x00000002   Code   RO          250    i.SVC_Handler       stm32f1xx_it.o
    0x0800306a   0x0800306a   0x00000008   Code   RO          251    i.SysTick_Handler   stm32f1xx_it.o
    0x08003072   0x08003072   0x00000066   Code   RO           11    i.SystemClock_Config  main.o
    0x080030d8   0x080030d8   0x00000058   Code   RO          320    i.SystemInit        system_stm32f1xx.o
    0x08003130   0x08003130   0x00000004   Code   RO          252    i.UsageFault_Handler  stm32f1xx_it.o
    0x08003134   0x08003134   0x00000028   Code   RO         2073    i.__ARM_fpclassify  m_ws.l(fpclassify.o)
    0x0800315c   0x0800315c   0x00000010   Code   RO          552    i.__NVIC_GetPriorityGrouping  stm32f1xx_hal_cortex.o
    0x0800316c   0x0800316c   0x00000028   Code   RO          553    i.__NVIC_SetPriority  stm32f1xx_hal_cortex.o
    0x08003194   0x08003194   0x0000000e   Code   RO         1922    i._is_digit         c_w.l(__printf_wp.o)
    0x080031a2   0x080031a2   0x00000002   PAD
    0x080031a4   0x080031a4   0x00000150   Code   RO           12    i.detectStep        main.o
    0x080032f4   0x080032f4   0x0000001a   Code   RO           13    i.lcd_clear         main.o
    0x0800330e   0x0800330e   0x00000076   Code   RO           14    i.lcd_init          main.o
    0x08003384   0x08003384   0x00000044   Code   RO           16    i.lcd_send_cmd      main.o
    0x080033c8   0x080033c8   0x00000044   Code   RO           17    i.lcd_send_data     main.o
    0x0800340c   0x0800340c   0x00000016   Code   RO           18    i.lcd_send_string   main.o
    0x08003422   0x08003422   0x00000002   PAD
    0x08003424   0x08003424   0x000002e4   Code   RO           19    i.main              main.o
    0x08003708   0x08003708   0x0000004c   Code   RO         1974    i.sqrt              m_ws.l(sqrt.o)
    0x08003754   0x08003754   0x0000002c   Code   RO         2065    locale$$code        c_w.l(lc_numeric_c.o)
    0x08003780   0x08003780   0x00000062   Code   RO         1941    x$fpl$d2f           fz_ws.l(d2f.o)
    0x080037e2   0x080037e2   0x00000018   Code   RO         2067    x$fpl$dcmpinf       fz_ws.l(dcmpi.o)
    0x080037fa   0x080037fa   0x00000002   PAD
    0x080037fc   0x080037fc   0x000002b0   Code   RO         1944    x$fpl$ddiv          fz_ws.l(ddiv.o)
    0x08003aac   0x08003aac   0x0000002e   Code   RO         1948    x$fpl$dflt          fz_ws.l(dflt_clz.o)
    0x08003ada   0x08003ada   0x00000002   PAD
    0x08003adc   0x08003adc   0x00000078   Code   RO         1993    x$fpl$dleqf         fz_ws.l(dleqf.o)
    0x08003b54   0x08003b54   0x0000009c   Code   RO         1995    x$fpl$dnaninf       fz_ws.l(dnaninf.o)
    0x08003bf0   0x08003bf0   0x0000000c   Code   RO         1997    x$fpl$dretinf       fz_ws.l(dretinf.o)
    0x08003bfc   0x08003bfc   0x0000006c   Code   RO         1953    x$fpl$drleqf        fz_ws.l(drleqf.o)
    0x08003c68   0x08003c68   0x000001cc   Code   RO         1999    x$fpl$dsqrt         fz_ws.l(dsqrt_noumaal.o)
    0x08003e34   0x08003e34   0x00000056   Code   RO         1955    x$fpl$f2d           fz_ws.l(f2d.o)
    0x08003e8a   0x08003e8a   0x00000002   PAD
    0x08003e8c   0x08003e8c   0x000000c4   Code   RO         1957    x$fpl$fadd          fz_ws.l(faddsub_clz.o)
    0x08003f50   0x08003f50   0x00000018   Code   RO         2069    x$fpl$fcmpinf       fz_ws.l(fcmpi.o)
    0x08003f68   0x08003f68   0x0000003e   Code   RO         1963    x$fpl$ffixu         fz_ws.l(ffixu.o)
    0x08003fa6   0x08003fa6   0x00000002   PAD
    0x08003fa8   0x08003fa8   0x00000068   Code   RO         2001    x$fpl$fleqf         fz_ws.l(fleqf.o)
    0x08004010   0x08004010   0x00000102   Code   RO         1967    x$fpl$fmul          fz_ws.l(fmul.o)
    0x08004112   0x08004112   0x0000008c   Code   RO         2003    x$fpl$fnaninf       fz_ws.l(fnaninf.o)
    0x0800419e   0x0800419e   0x0000000a   Code   RO         2005    x$fpl$fretinf       fz_ws.l(fretinf.o)
    0x080041a8   0x080041a8   0x00000062   Code   RO         1969    x$fpl$frleqf        fz_ws.l(frleqf.o)
    0x0800420a   0x0800420a   0x00000002   PAD
    0x0800420c   0x0800420c   0x000000ea   Code   RO         1959    x$fpl$fsub          fz_ws.l(faddsub_clz.o)
    0x080042f6   0x080042f6   0x00000004   Code   RO         1971    x$fpl$printf1       fz_ws.l(printf1.o)
    0x080042fa   0x080042fa   0x00000000   Code   RO         2007    x$fpl$usenofp       fz_ws.l(usenofp.o)
    0x080042fa   0x080042fa   0x00000018   Data   RO          321    .constdata          system_stm32f1xx.o
    0x08004312   0x08004312   0x00000002   PAD
    0x08004314   0x08004314   0x00000094   Data   RO         2040    .constdata          c_w.l(bigflt0.o)
    0x080043a8   0x080043a8   0x00000020   Data   RO         2214    Region$$Table       anon$$obj.o
    0x080043c8   0x080043c8   0x0000001c   Data   RO         2064    locale$$data        c_w.l(lc_numeric_c.o)


    Execution Region ER_RW (Exec base: 0x20000000, Load base: 0x080043e4, Size: 0x00000040, Max: 0xffffffff, ABSOLUTE)

    Exec Addr    Load Addr    Size         Type   Attr      Idx    E Section Name        Object

    0x20000000   0x080043e4   0x00000030   Data   RW           21    .data               main.o
    0x20000030   0x08004414   0x00000004   Data   RW          322    .data               system_stm32f1xx.o
    0x20000034   0x08004418   0x00000009   Data   RW          388    .data               stm32f1xx_hal.o


    Execution Region ER_ZI (Exec base: 0x20000040, Load base: 0x08004424, Size: 0x00000720, Max: 0xffffffff, ABSOLUTE)

    Exec Addr    Load Addr    Size         Type   Attr      Idx    E Section Name        Object

    0x20000040        -       0x000000c0   Zero   RW           20    .bss                main.o
    0x20000100        -       0x00000060   Zero   RW         2076    .bss                c_w.l(libspace.o)
    0x20000160        -       0x00000200   Zero   RW          354    HEAP                startup_stm32f103c8tx.o
    0x20000360        -       0x00000400   Zero   RW          353    STACK               startup_stm32f103c8tx.o


==============================================================================

Image component sizes


      Code (inc. data)   RO Data    RW Data    ZI Data      Debug   Object Name

      2282        252          0         48        192     421653   main.o
        64         26        236          0       1536        800   startup_stm32f103c8tx.o
       174         30          0          9          0       5893   stm32f1xx_hal.o
       304         22          0          0          0      29319   stm32f1xx_hal_cortex.o
       842         34          0          0          0       3952   stm32f1xx_hal_gpio.o
      3340         60          0          0          0      13184   stm32f1xx_hal_i2c.o
       200         20          0          0          0       1656   stm32f1xx_hal_msp.o
      1752        100          0          0          0       5489   stm32f1xx_hal_rcc.o
        32          0          0          0          0       3778   stm32f1xx_it.o
        88         18         24          4          0       1307   system_stm32f1xx.o

    ----------------------------------------------------------------------
      9090        562        294         64       1728     487031   Object Totals
         0          0         32          0          0          0   (incl. Generated)
        12          0          2          3          0          0   (incl. Padding)

    ----------------------------------------------------------------------

      Code (inc. data)   RO Data    RW Data    ZI Data      Debug   Library Member Name

         8          0          0          0          0         68   __main.o
       284          0          0          0          0        156   __printf_wp.o
         0          0          0          0          0          0   __rtentry.o
        12          0          0          0          0          0   __rtentry2.o
         6          0          0          0          0          0   __rtentry4.o
        52          8          0          0          0          0   __scatter.o
        26          0          0          0          0          0   __scatter_copy.o
        28          0          0          0          0          0   __scatter_zi.o
        48          6          0          0          0         96   _printf_char_common.o
         6          0          0          0          0          0   _printf_d.o
       120         16          0          0          0         92   _printf_dec.o
         6          0          0          0          0          0   _printf_f.o
      1054          0          0          0          0        216   _printf_fp_dec.o
       128         16          0          0          0         84   _printf_fp_infnan.o
       178          0          0          0          0         88   _printf_intcommon.o
         0          0          0          0          0          0   _printf_percent.o
         4          0          0          0          0          0   _printf_percent_end.o
        22          0          0          0          0        100   _rserrno.o
        10          0          0          0          0         68   _sputc.o
       228          4        148          0          0         96   bigflt0.o
      1936        128          0          0          0        672   btod.o
        18          0          0          0          0         80   exit.o
         6          0          0          0          0        152   heapauxi.o
         0          0          0          0          0          0   indicate_semi.o
        44         10         28          0          0         76   lc_numeric_c.o
         2          0          0          0          0          0   libinit.o
        18          0          0          0          0          0   libinit2.o
         2          0          0          0          0          0   libshutdown.o
         2          0          0          0          0          0   libshutdown2.o
         8          4          0          0         96         68   libspace.o
       138          0          0          0          0         80   lludiv10.o
        40          6          0          0          0         84   noretval__2sprintf.o
         8          4          0          0          0         68   rt_errno_addr_intlibspace.o
         8          4          0          0          0         68   rt_locale_intlibspace.o
        78          0          0          0          0         80   rt_memclr_w.o
         2          0          0          0          0          0   rtexit.o
        10          0          0          0          0          0   rtexit2.o
       128          0          0          0          0         68   strcmpv7m.o
        12          4          0          0          0         68   sys_exit.o
        74          0          0          0          0         80   sys_stackheap_outer.o
         2          0          0          0          0         68   use_no_semi.o
        98          4          0          0          0         92   d2f.o
        24          0          0          0          0         68   dcmpi.o
       688        140          0          0          0        208   ddiv.o
        46          0          0          0          0         68   dflt_clz.o
       120          4          0          0          0         92   dleqf.o
       156          4          0          0          0         92   dnaninf.o
        12          0          0          0          0         68   dretinf.o
       108          0          0          0          0         80   drleqf.o
       460         56          0          0          0        120   dsqrt_noumaal.o
        86          4          0          0          0         84   f2d.o
       430          8          0          0          0        168   faddsub_clz.o
        24          0          0          0          0         68   fcmpi.o
        62          4          0          0          0         84   ffixu.o
       104          4          0          0          0         84   fleqf.o
       258          4          0          0          0         84   fmul.o
       140          4          0          0          0         84   fnaninf.o
        10          0          0          0          0         68   fretinf.o
        98          0          0          0          0         68   frleqf.o
         4          0          0          0          0         68   printf1.o
         0          0          0          0          0          0   usenofp.o
        40          0          0          0          0         68   fpclassify.o
        76          0          0          0          0         84   sqrt.o

    ----------------------------------------------------------------------
      7820        446        176          0         96       4676   Library Totals
        20          0          0          0          0          0   (incl. Padding)

    ----------------------------------------------------------------------

      Code (inc. data)   RO Data    RW Data    ZI Data      Debug   Library Name

      4756        210        176          0         96       2776   c_w.l
      2928        236          0          0          0       1748   fz_ws.l
       116          0          0          0          0        152   m_ws.l

    ----------------------------------------------------------------------
      7820        446        176          0         96       4676   Library Totals

    ----------------------------------------------------------------------

==============================================================================


      Code (inc. data)   RO Data    RW Data    ZI Data      Debug   

     16910       1008        470         64       1824     486191   Grand Totals
     16910       1008        470         64       1824     486191   ELF Image Totals
     16910       1008        470         64          0          0   ROM Totals

==============================================================================

    Total RO  Size (Code + RO Data)                17380 (  16.97kB)
    Total RW  Size (RW Data + ZI Data)              1888 (   1.84kB)
    Total ROM Size (Code + RO Data + RW Data)      17444 (  17.04kB)

==============================================================================

